    Checking atlas_backend v0.1.0 (/Users/oply/src/git/orbit_/atlas-platform/backend)
error[E0583]: file not found for module `directories`
  --> src/handlers/mod.rs:16:1
   |
16 | pub mod directories;
   | ^^^^^^^^^^^^^^^^^^^^
   |
   = help: to create the module `directories`, create file "src/handlers/directories.rs" or "src/handlers/directories/mod.rs"
   = note: if there is a `mod directories` elsewhere in the crate already, import it with `use crate::...` instead

error: expected identifier, found `.`
  --> src/models/tenant.rs:46:17
   |
40 |         Self {
   |         ---- while parsing this struct
...
46 |                 .map(|v| v.as_object()
   |                 ^ expected identifier

error: expected one of `,`, `:`, or `}`, found `)`
  --> src/models/tenant.rs:47:49
   |
40 |         Self {
   |         ---- while parsing this struct
...
47 |                     .map(|m| m.iter().map(|(k, v)| (k.clone(), v.clone())).collect())
   |                                                 ^ expected one of `,`, `:`, or `}`

error: expected one of `,`, `:`, or `}`, found `.`
  --> src/models/tenant.rs:47:65
   |
40 |         Self {
   |         ---- while parsing this struct
...
47 |                     .map(|m| m.iter().map(|(k, v)| (k.clone(), v.clone())).collect())
   |                                                                -^ expected one of `,`, `:`, or `}`
   |                                                                |
   |                                                                while parsing this struct field
   |
help: try naming a field
   |
47 |                     .map(|m| m.iter().map(|(k, v)| (k.clone(), v: v.clone())).collect())
   |                                                                ++

error: expected identifier, found `.`
  --> src/models/tenant.rs:74:17
   |
68 |         Self {
   |         ---- while parsing this struct
...
74 |                 .map(|v| v.as_object()
   |                 ^ expected identifier

error: expected one of `,`, `:`, or `}`, found `)`
  --> src/models/tenant.rs:75:49
   |
68 |         Self {
   |         ---- while parsing this struct
...
75 |                     .map(|m| m.iter().map(|(k, v)| (k.clone(), v.clone())).collect())
   |                                                 ^ expected one of `,`, `:`, or `}`

error: expected one of `,`, `:`, or `}`, found `.`
  --> src/models/tenant.rs:75:65
   |
68 |         Self {
   |         ---- while parsing this struct
...
75 |                     .map(|m| m.iter().map(|(k, v)| (k.clone(), v.clone())).collect())
   |                                                                -^ expected one of `,`, `:`, or `}`
   |                                                                |
   |                                                                while parsing this struct field
   |
help: try naming a field
   |
75 |                     .map(|m| m.iter().map(|(k, v)| (k.clone(), v: v.clone())).collect())
   |                                                                ++

error: expected identifier, found `.`
  --> src/services/tenant.rs:28:17
   |
25 |         let config = SiteConfig {
   |                      ---------- while parsing this struct
...
28 |                 .map(|v| serde_json::from_value(v).unwrap_or_default())
   |                 ^ expected identifier

error[E0432]: unresolved import `crate::handlers::tenant`
 --> src/api.rs:3:121
  |
3 | ...accounts, ab_testing, user_accounts, ad_purchases, tenant, sessions, health, auth_frontend};
  |                                                       ^^^^^^ no `tenant` in `handlers`
  |
  = help: consider importing one of these modules instead:
          crate::entities::tenant
          crate::models::tenant
          crate::services::tenant

error[E0432]: unresolved import `crate::entities::directory`
 --> src/middleware/middleware.rs:9:61
  |
9 | use crate::entities::{user, session, user_account, profile, directory};
  |                                                             ^^^^^^^^^ no `directory` in `entities`

error[E0432]: unresolved imports `crate::entities::directory`, `crate::entities::directory_type`
  --> src/handlers/directory_types.rs:10:33
   |
10 | use crate::entities::{category, directory, directory_type};
   |                                 ^^^^^^^^^  ^^^^^^^^^^^^^^ no `directory_type` in `entities`
   |                                 |
   |                                 no `directory` in `entities`

error[E0432]: unresolved imports `crate::entities::directory`, `crate::entities::directory_type`
 --> src/handlers/admin.rs:2:24
  |
2 |     user,user_account, directory, listing, ad_purchase, 
  |                        ^^^^^^^^^ no `directory` in `entities`
3 |     profile, account, session,request_log,
4 |     template, category, directory_type
  |                         ^^^^^^^^^^^^^^ no `directory_type` in `entities`

error[E0432]: unresolved import `crate::handlers::tenant`
  --> src/handlers/admin.rs:22:32
   |
22 | use crate::handlers::{listings,tenant,sessions};
   |                                ^^^^^^ no `tenant` in `handlers`
   |
   = help: consider importing one of these modules instead:
           crate::entities::tenant
           crate::models::tenant
           crate::services::tenant

error[E0432]: unresolved import `crate::entities::directory`
  --> src/handlers/sessions.rs:11:23
   |
11 | use crate::entities::{directory, session, user};
   |                       ^^^^^^^^^ no `directory` in `entities`

error[E0432]: unresolved import `crate::entities::directory`
 --> src/models/user.rs:6:52
  |
6 | use crate::entities::{user, user_account, profile, directory, request_log};
  |                                                    ^^^^^^^^^ no `directory` in `entities`

error[E0432]: unresolved import `crate::entities::directory`
 --> src/services/tenant.rs:7:29
  |
7 | use crate::entities::{self, directory};
  |                             ^^^^^^^^^ no `directory` in `entities`

error[E0432]: unresolved import `crate::models::tenant::TenantModel`
  --> src/handlers/admin.rs:20:29
   |
20 | use crate::models::tenant::{TenantModel, UpdateTenant, CreateTenant};
   |                             ^^^^^^^^^^^ no `TenantModel` in `models::tenant`

error[E0432]: unresolved import `site_config::ModuleFlags`
 --> src/config/mod.rs:5:35
  |
5 | pub use site_config::{SiteConfig, ModuleFlags};
  |                                   ^^^^^^^^^^^ no `ModuleFlags` in `config::site_config`

error[E0432]: unresolved import `crate::config::site_config::ModuleFlags`
 --> src/services/tenant.rs:2:46
  |
2 | use crate::config::site_config::{SiteConfig, ModuleFlags};
  |                                              ^^^^^^^^^^^ no `ModuleFlags` in `config::site_config`
  |
  = help: consider importing this unresolved item through its public re-export instead:
          crate::config::ModuleFlags

error[E0433]: failed to resolve: could not find `directory_type` in `super`
  --> src/entities/category.rs:38:59
   |
38 |             Self::TenantType => Entity::belongs_to(super::directory_type::Entity)
   |                                                           ^^^^^^^^^^^^^^ could not find `directory_type` in `super`

error[E0433]: failed to resolve: could not find `directory_type` in `super`
  --> src/entities/category.rs:53:21
   |
53 | impl Related<super::directory_type::Entity> for Entity {
   |                     ^^^^^^^^^^^^^^ could not find `directory_type` in `super`

error[E0423]: expected value, found struct `String`
   --> src/entities/profile.rs:7:35
    |
  7 | #[derive(Clone, Debug, PartialEq, DeriveEntityModel, Serialize, Deserialize)]
    |                                   ^^^^^^^^^^^^^^^^^
    |
   ::: /Users/oply/.rustup/toolchains/nightly-aarch64-apple-darwin/lib/rustlib/src/rust/library/alloc/src/string.rs:360:1
    |
360 | pub struct String {
    | ----------------- `String` defined here
    |
    = note: this error originates in the derive macro `DeriveEntityModel` (in Nightly builds, run with -Z macro-backtrace for more info)
help: consider importing one of these items instead
    |
  1 + use crate::entities::profile::ColumnType::String;
    |
  1 + use crate::entities::profile::Value::String;
    |
  1 + use sea_orm::ColumnType::String;
    |
  1 + use sea_orm::JsonValue::String;
    |
    = and 5 other candidates

error[E0433]: failed to resolve: could not find `directory_type` in `super`
  --> src/entities/category.rs:40:28
   |
40 |                 .to(super::directory_type::Column::Id)
   |                            ^^^^^^^^^^^^^^ could not find `directory_type` in `super`
   |
help: consider importing one of these enums
   |
 1 + use crate::entities::account::Column;
   |
 1 + use crate::entities::activity::Column;
   |
 1 + use crate::entities::ad_purchase::Column;
   |
 1 + use crate::entities::app_domain::Column;
   |
   = and 26 other candidates
help: if you import `Column`, refer to it directly
   |
40 -                 .to(super::directory_type::Column::Id)
40 +                 .to(Column::Id)
   |

error[E0433]: failed to resolve: use of unresolved module or unlinked crate `tenant`
   --> src/middleware/middleware.rs:464:29
    |
464 |     let directories = match tenant::Entity::find()
    |                             ^^^^^^ use of unresolved module or unlinked crate `tenant`
    |
    = help: if you wanted to use a crate named `tenant`, use `cargo add tenant` to add it to your `Cargo.toml`
help: consider importing one of these structs
    |
  1 + use crate::entities::account::Entity;
    |
  1 + use crate::entities::activity::Entity;
    |
  1 + use crate::entities::ad_purchase::Entity;
    |
  1 + use crate::entities::app_domain::Entity;
    |
    = and 27 other candidates
help: if you import `Entity`, refer to it directly
    |
464 -     let directories = match tenant::Entity::find()
464 +     let directories = match Entity::find()
    |

error[E0433]: failed to resolve: use of unresolved module or unlinked crate `tenant`
   --> src/middleware/middleware.rs:465:17
    |
465 |         .filter(tenant::Column::Id.is_in(profile_tenant_ids))
    |                 ^^^^^^ use of unresolved module or unlinked crate `tenant`
    |
    = help: if you wanted to use a crate named `tenant`, use `cargo add tenant` to add it to your `Cargo.toml`
help: consider importing one of these enums
    |
  1 + use crate::entities::account::Column;
    |
  1 + use crate::entities::activity::Column;
    |
  1 + use crate::entities::ad_purchase::Column;
    |
  1 + use crate::entities::app_domain::Column;
    |
    = and 27 other candidates
help: if you import `Column`, refer to it directly
    |
465 -         .filter(tenant::Column::Id.is_in(profile_tenant_ids))
465 +         .filter(Column::Id.is_in(profile_tenant_ids))
    |

error[E0412]: cannot find type `TenantTypeModel` in this scope
  --> src/handlers/directory_types.rs:24:36
   |
24 |     let directory_type_models: Vec<TenantTypeModel> = directory_types
   |                                    ^^^^^^^^^^^^^^^ not found in this scope
   |
help: you might be missing a type parameter
   |
13 | pub async fn get_directory_types<TenantTypeModel>(
   |                                 +++++++++++++++++

error[E0412]: cannot find type `TenantTypeModel` in this scope
  --> src/handlers/directory_types.rs:35:18
   |
35 | ) -> Result<Json<TenantTypeModel>, (StatusCode, Json<serde_json::Value>)> {
   |                  ^^^^^^^^^^^^^^^ not found in this scope
   |
help: you might be missing a type parameter
   |
32 | pub async fn get_directory_type<TenantTypeModel>(
   |                                +++++++++++++++++

error[E0412]: cannot find type `CreateTenantType` in this scope
  --> src/handlers/directory_types.rs:55:23
   |
55 |     Json(input): Json<CreateTenantType>
   |                       ^^^^^^^^^^^^^^^^ not found in this scope
   |
help: you might be missing a type parameter
   |
53 | pub async fn create_directory_type<CreateTenantType>(
   |                                   ++++++++++++++++++

error[E0412]: cannot find type `TenantTypeModel` in this scope
  --> src/handlers/directory_types.rs:56:18
   |
56 | ) -> Result<Json<TenantTypeModel>, StatusCode> {
   |                  ^^^^^^^^^^^^^^^ not found in this scope
   |
help: you might be missing a type parameter
   |
53 | pub async fn create_directory_type<TenantTypeModel>(
   |                                   +++++++++++++++++

error[E0412]: cannot find type `UpdateTenantType` in this scope
  --> src/handlers/directory_types.rs:79:23
   |
79 |     Json(input): Json<UpdateTenantType>,
   |                       ^^^^^^^^^^^^^^^^ not found in this scope
   |
help: you might be missing a type parameter
   |
76 | pub async fn update_directory_type<UpdateTenantType>(
   |                                   ++++++++++++++++++

error[E0412]: cannot find type `TenantTypeModel` in this scope
  --> src/handlers/directory_types.rs:80:18
   |
80 | ) -> Result<Json<TenantTypeModel>, StatusCode> {
   |                  ^^^^^^^^^^^^^^^ not found in this scope
   |
help: you might be missing a type parameter
   |
76 | pub async fn update_directory_type<TenantTypeModel>(
   |                                   +++++++++++++++++

error[E0433]: failed to resolve: use of unresolved module or unlinked crate `tenant`
   --> src/handlers/directory_types.rs:105:27
    |
105 |     let directory_count = tenant::Entity::find()
    |                           ^^^^^^ use of unresolved module or unlinked crate `tenant`
    |
help: to make use of source file src/handlers/tenant.rs, use `mod tenant` in this file to declare the module
   --> src/lib.rs:1:1
    |
  1 + mod tenant;
    |
help: consider importing one of these structs
    |
  1 + use crate::entities::account::Entity;
    |
  1 + use crate::entities::activity::Entity;
    |
  1 + use crate::entities::ad_purchase::Entity;
    |
  1 + use crate::entities::app_domain::Entity;
    |
    = and 27 other candidates
help: if you import `Entity`, refer to it directly
    |
105 -     let directory_count = tenant::Entity::find()
105 +     let directory_count = Entity::find()
    |

error[E0433]: failed to resolve: use of unresolved module or unlinked crate `tenant`
   --> src/handlers/directory_types.rs:106:17
    |
106 |         .filter(tenant::Column::TenantTypeId.eq(directory_type_id))
    |                 ^^^^^^ use of unresolved module or unlinked crate `tenant`
    |
help: to make use of source file src/handlers/tenant.rs, use `mod tenant` in this file to declare the module
   --> src/lib.rs:1:1
    |
  1 + mod tenant;
    |
help: consider importing one of these enums
    |
  1 + use crate::entities::account::Column;
    |
  1 + use crate::entities::activity::Column;
    |
  1 + use crate::entities::ad_purchase::Column;
    |
  1 + use crate::entities::app_domain::Column;
    |
    = and 27 other candidates
help: if you import `Column`, refer to it directly
    |
106 -         .filter(tenant::Column::TenantTypeId.eq(directory_type_id))
106 +         .filter(Column::TenantTypeId.eq(directory_type_id))
    |

error[E0412]: cannot find type `CreateTenantType` in this scope
   --> src/handlers/admin.rs:151:23
    |
151 |     Json(input): Json<CreateTenantType>,
    |                       ^^^^^^^^^^^^^^^^
    |
   ::: src/models/tenant.rs:95:1
    |
 95 | pub struct CreateTenant {
    | ----------------------- similarly named struct `CreateTenant` defined here
    |
help: a struct with a similar name exists
    |
151 -     Json(input): Json<CreateTenantType>,
151 +     Json(input): Json<CreateTenant>,
    |
help: you might be missing a type parameter
    |
147 | pub async fn create_directory_type<CreateTenantType>(
    |                                   ++++++++++++++++++

error[E0412]: cannot find type `TenantTypeModel` in this scope
   --> src/handlers/admin.rs:152:31
    |
152 | ) -> Result<(StatusCode, Json<TenantTypeModel>), StatusCode> {
    |                               ^^^^^^^^^^^^^^^ not found in this scope
    |
help: you might be missing a type parameter
    |
147 | pub async fn create_directory_type<TenantTypeModel>(
    |                                   +++++++++++++++++

error[E0433]: failed to resolve: use of unresolved module or unlinked crate `directory_types`
   --> src/handlers/admin.rs:155:26
    |
155 |     let directory_type = directory_types::create_directory_type(state_db, input).await?;
    |                          ^^^^^^^^^^^^^^^ use of unresolved module or unlinked crate `directory_types`
    |
help: a struct with a similar name exists
    |
155 -     let directory_type = directory_types::create_directory_type(state_db, input).await?;
155 +     let directory_type = DirectoryStats::create_directory_type(state_db, input).await?;
    |
help: to make use of source file src/handlers/directory_types.rs, use `mod directory_types` in this file to declare the module
   --> src/lib.rs:1:1
    |
  1 + mod directory_types;
    |
help: consider importing this module
    |
  1 + use crate::handlers::directory_types;
    |

error[E0412]: cannot find type `UpdateTenantType` in this scope
   --> src/handlers/admin.rs:165:23
    |
165 |     Json(input): Json<UpdateTenantType>,
    |                       ^^^^^^^^^^^^^^^^
    |
   ::: src/models/tenant.rs:129:1
    |
129 | pub struct UpdateTenant {
    | ----------------------- similarly named struct `UpdateTenant` defined here
    |
help: a struct with a similar name exists
    |
165 -     Json(input): Json<UpdateTenantType>,
165 +     Json(input): Json<UpdateTenant>,
    |
help: you might be missing a type parameter
    |
160 | pub async fn update_directory_type<UpdateTenantType>(
    |                                   ++++++++++++++++++

error[E0412]: cannot find type `TenantTypeModel` in this scope
   --> src/handlers/admin.rs:166:31
    |
166 | ) -> Result<(StatusCode, Json<TenantTypeModel>), StatusCode> {
    |                               ^^^^^^^^^^^^^^^ not found in this scope
    |
help: you might be missing a type parameter
    |
160 | pub async fn update_directory_type<TenantTypeModel>(
    |                                   +++++++++++++++++

error[E0433]: failed to resolve: use of unresolved module or unlinked crate `directory_types`
   --> src/handlers/admin.rs:170:26
    |
170 |     let directory_type = directory_types::update_directory_type(path, state_db, input).await?;
    |                          ^^^^^^^^^^^^^^^ use of unresolved module or unlinked crate `directory_types`
    |
help: a struct with a similar name exists
    |
170 -     let directory_type = directory_types::update_directory_type(path, state_db, input).await?;
170 +     let directory_type = DirectoryStats::update_directory_type(path, state_db, input).await?;
    |
help: to make use of source file src/handlers/directory_types.rs, use `mod directory_types` in this file to declare the module
   --> src/lib.rs:1:1
    |
  1 + mod directory_types;
    |
help: consider importing this module
    |
  1 + use crate::handlers::directory_types;
    |

error[E0433]: failed to resolve: use of unresolved module or unlinked crate `directory_types`
   --> src/handlers/admin.rs:185:18
    |
185 |     let status = directory_types::delete_directory_type(path, state_db).await.map_err(|e| e.0)?;
    |                  ^^^^^^^^^^^^^^^ use of unresolved module or unlinked crate `directory_types`
    |
help: a struct with a similar name exists
    |
185 -     let status = directory_types::delete_directory_type(path, state_db).await.map_err(|e| e.0)?;
185 +     let status = DirectoryStats::delete_directory_type(path, state_db).await.map_err(|e| e.0)?;
    |
help: to make use of source file src/handlers/directory_types.rs, use `mod directory_types` in this file to declare the module
   --> src/lib.rs:1:1
    |
  1 + mod directory_types;
    |
help: consider importing this module
    |
  1 + use crate::handlers::directory_types;
    |

error[E0433]: failed to resolve: use of unresolved module or unlinked crate `directory_types`
   --> src/handlers/admin.rs:196:27
    |
196 |     let directory_types = directory_types::get_directory_types(state_db).await?;
    |                           ^^^^^^^^^^^^^^^ use of unresolved module or unlinked crate `directory_types`
    |
help: a struct with a similar name exists
    |
196 -     let directory_types = directory_types::get_directory_types(state_db).await?;
196 +     let directory_types = DirectoryStats::get_directory_types(state_db).await?;
    |
help: to make use of source file src/handlers/directory_types.rs, use `mod directory_types` in this file to declare the module
   --> src/lib.rs:1:1
    |
  1 + mod directory_types;
    |
help: consider importing this module
    |
  1 + use crate::handlers::directory_types;
    |

error[E0433]: failed to resolve: use of unresolved module or unlinked crate `directory_types`
   --> src/handlers/admin.rs:208:26
    |
208 |     let directory_type = directory_types::get_directory_type(path, state_db).await.map_err(|e| e.0)?;
    |                          ^^^^^^^^^^^^^^^ use of unresolved module or unlinked crate `directory_types`
    |
help: a struct with a similar name exists
    |
208 -     let directory_type = directory_types::get_directory_type(path, state_db).await.map_err(|e| e.0)?;
208 +     let directory_type = DirectoryStats::get_directory_type(path, state_db).await.map_err(|e| e.0)?;
    |
help: to make use of source file src/handlers/directory_types.rs, use `mod directory_types` in this file to declare the module
   --> src/lib.rs:1:1
    |
  1 + mod directory_types;
    |
help: consider importing this module
    |
  1 + use crate::handlers::directory_types;
    |

error[E0433]: failed to resolve: use of unresolved module or unlinked crate `tenant`
  --> src/models/user.rs:56:26
   |
56 |     pub directories: Vec<tenant::Model>,
   |                          ^^^^^^ use of unresolved module or unlinked crate `tenant`
   |
help: to make use of source file src/models/tenant.rs, use `mod tenant` in this file to declare the module
  --> src/lib.rs:1:1
   |
 1 + mod tenant;
   |
help: consider importing this module
   |
 1 + use crate::entities::tenant;
   |

error[E0412]: cannot find type `CreateDirectory` in this scope
   --> src/models/tenant.rs:103:11
    |
103 | impl From<CreateDirectory> for tenant::ActiveModel {
    |           ^^^^^^^^^^^^^^^ not found in this scope
    |
help: you might be missing a type parameter
    |
103 | impl<CreateDirectory> From<CreateDirectory> for tenant::ActiveModel {
    |     +++++++++++++++++

error[E0412]: cannot find type `CreateDirectory` in this scope
   --> src/models/tenant.rs:104:20
    |
104 |     fn from(input: CreateDirectory) -> Self {
    |                    ^^^^^^^^^^^^^^^ not found in this scope

error[E0433]: failed to resolve: use of unresolved module or unlinked crate `tenant`
  --> src/services/tenant.rs:17:25
   |
17 |         let directory = tenant::Entity::find_by_id(tenant_id)
   |                         ^^^^^^ use of unresolved module or unlinked crate `tenant`
   |
help: to make use of source file src/services/tenant.rs, use `mod tenant` in this file to declare the module
  --> src/lib.rs:1:1
   |
 1 + mod tenant;
   |
help: consider importing one of these structs
   |
 1 + use crate::entities::account::Entity;
   |
 1 + use crate::entities::activity::Entity;
   |
 1 + use crate::entities::ad_purchase::Entity;
   |
 1 + use crate::entities::app_domain::Entity;
   |
   = and 27 other candidates
help: if you import `Entity`, refer to it directly
   |
17 -         let directory = tenant::Entity::find_by_id(tenant_id)
17 +         let directory = Entity::find_by_id(tenant_id)
   |

error[E0433]: failed to resolve: use of unresolved module or unlinked crate `tenant`
  --> src/services/tenant.rs:41:25
   |
41 |         let directory = tenant::Entity::find_by_id(tenant_id)
   |                         ^^^^^^ use of unresolved module or unlinked crate `tenant`
   |
help: to make use of source file src/services/tenant.rs, use `mod tenant` in this file to declare the module
  --> src/lib.rs:1:1
   |
 1 + mod tenant;
   |
help: consider importing one of these structs
   |
 1 + use crate::entities::account::Entity;
   |
 1 + use crate::entities::activity::Entity;
   |
 1 + use crate::entities::ad_purchase::Entity;
   |
 1 + use crate::entities::app_domain::Entity;
   |
   = and 27 other candidates
help: if you import `Entity`, refer to it directly
   |
41 -         let directory = tenant::Entity::find_by_id(tenant_id)
41 +         let directory = Entity::find_by_id(tenant_id)
   |

error[E0433]: failed to resolve: use of unresolved module or unlinked crate `tenant`
  --> src/services/tenant.rs:48:28
   |
48 |         let mut directory: tenant::ActiveModel = directory.into();
   |                            ^^^^^^ use of unresolved module or unlinked crate `tenant`
   |
help: to make use of source file src/services/tenant.rs, use `mod tenant` in this file to declare the module
  --> src/lib.rs:1:1
   |
 1 + mod tenant;
   |
help: consider importing one of these modules
   |
 1 + use crate::entities::tenant;
   |
 1 + use crate::models::tenant;
   |

error[E0433]: failed to resolve: use of unresolved module or unlinked crate `tenant`
  --> src/services/tenant.rs:75:21
   |
75 |     ) -> Result<Vec<tenant::Model>> {
   |                     ^^^^^^ use of unresolved module or unlinked crate `tenant`
   |
help: to make use of source file src/services/tenant.rs, use `mod tenant` in this file to declare the module
  --> src/lib.rs:1:1
   |
 1 + mod tenant;
   |
help: consider importing one of these modules
   |
 1 + use crate::entities::tenant;
   |
 1 + use crate::models::tenant;
   |

error[E0433]: failed to resolve: use of unresolved module or unlinked crate `tenant`
  --> src/services/tenant.rs:76:25
   |
76 |         let mut query = tenant::Entity::find();
   |                         ^^^^^^ use of unresolved module or unlinked crate `tenant`
   |
help: to make use of source file src/services/tenant.rs, use `mod tenant` in this file to declare the module
  --> src/lib.rs:1:1
   |
 1 + mod tenant;
   |
help: consider importing one of these structs
   |
 1 + use crate::entities::account::Entity;
   |
 1 + use crate::entities::activity::Entity;
   |
 1 + use crate::entities::ad_purchase::Entity;
   |
 1 + use crate::entities::app_domain::Entity;
   |
   = and 27 other candidates
help: if you import `Entity`, refer to it directly
   |
76 -         let mut query = tenant::Entity::find();
76 +         let mut query = Entity::find();
   |

error[E0433]: failed to resolve: use of unresolved module or unlinked crate `tenant`
   --> src/services/tenant.rs:105:25
    |
105 |         let directory = tenant::Entity::find_by_id(tenant_id)
    |                         ^^^^^^ use of unresolved module or unlinked crate `tenant`
    |
help: to make use of source file src/services/tenant.rs, use `mod tenant` in this file to declare the module
   --> src/lib.rs:1:1
    |
  1 + mod tenant;
    |
help: consider importing one of these structs
    |
  1 + use crate::entities::account::Entity;
    |
  1 + use crate::entities::activity::Entity;
    |
  1 + use crate::entities::ad_purchase::Entity;
    |
  1 + use crate::entities::app_domain::Entity;
    |
    = and 27 other candidates
help: if you import `Entity`, refer to it directly
    |
105 -         let directory = tenant::Entity::find_by_id(tenant_id)
105 +         let directory = Entity::find_by_id(tenant_id)
    |

error[E0433]: failed to resolve: use of unresolved module or unlinked crate `tenant`
   --> src/services/tenant.rs:122:25
    |
122 |         let directory = tenant::Entity::find_by_id(tenant_id)
    |                         ^^^^^^ use of unresolved module or unlinked crate `tenant`
    |
help: to make use of source file src/services/tenant.rs, use `mod tenant` in this file to declare the module
   --> src/lib.rs:1:1
    |
  1 + mod tenant;
    |
help: consider importing one of these structs
    |
  1 + use crate::entities::account::Entity;
    |
  1 + use crate::entities::activity::Entity;
    |
  1 + use crate::entities::ad_purchase::Entity;
    |
  1 + use crate::entities::app_domain::Entity;
    |
    = and 27 other candidates
help: if you import `Entity`, refer to it directly
    |
122 -         let directory = tenant::Entity::find_by_id(tenant_id)
122 +         let directory = Entity::find_by_id(tenant_id)
    |

error[E0433]: failed to resolve: use of unresolved module or unlinked crate `tenant`
   --> src/services/tenant.rs:128:31
    |
128 |         let mut active_model: tenant::ActiveModel = directory.clone().into();
    |                               ^^^^^^ use of unresolved module or unlinked crate `tenant`
    |
help: to make use of source file src/services/tenant.rs, use `mod tenant` in this file to declare the module
   --> src/lib.rs:1:1
    |
  1 + mod tenant;
    |
help: consider importing one of these modules
    |
  1 + use crate::entities::tenant;
    |
  1 + use crate::models::tenant;
    |

error[E0433]: failed to resolve: use of unresolved module or unlinked crate `tenant`
   --> src/services/tenant.rs:147:25
    |
147 |         let directory = tenant::Entity::find_by_id(tenant_id)
    |                         ^^^^^^ use of unresolved module or unlinked crate `tenant`
    |
help: to make use of source file src/services/tenant.rs, use `mod tenant` in this file to declare the module
   --> src/lib.rs:1:1
    |
  1 + mod tenant;
    |
help: consider importing one of these structs
    |
  1 + use crate::entities::account::Entity;
    |
  1 + use crate::entities::activity::Entity;
    |
  1 + use crate::entities::ad_purchase::Entity;
    |
  1 + use crate::entities::app_domain::Entity;
    |
    = and 27 other candidates
help: if you import `Entity`, refer to it directly
    |
147 -         let directory = tenant::Entity::find_by_id(tenant_id)
147 +         let directory = Entity::find_by_id(tenant_id)
    |

error[E0433]: failed to resolve: use of unresolved module or unlinked crate `tenant`
   --> src/services/tenant.rs:161:25
    |
161 |         let directory = tenant::Entity::find_by_id(tenant_id)
    |                         ^^^^^^ use of unresolved module or unlinked crate `tenant`
    |
help: to make use of source file src/services/tenant.rs, use `mod tenant` in this file to declare the module
   --> src/lib.rs:1:1
    |
  1 + mod tenant;
    |
help: consider importing one of these structs
    |
  1 + use crate::entities::account::Entity;
    |
  1 + use crate::entities::activity::Entity;
    |
  1 + use crate::entities::ad_purchase::Entity;
    |
  1 + use crate::entities::app_domain::Entity;
    |
    = and 27 other candidates
help: if you import `Entity`, refer to it directly
    |
161 -         let directory = tenant::Entity::find_by_id(tenant_id)
161 +         let directory = Entity::find_by_id(tenant_id)
    |

error[E0433]: failed to resolve: use of unresolved module or unlinked crate `tenant`
   --> src/services/tenant.rs:167:31
    |
167 |         let mut active_model: tenant::ActiveModel = directory.clone().into();
    |                               ^^^^^^ use of unresolved module or unlinked crate `tenant`
    |
help: to make use of source file src/services/tenant.rs, use `mod tenant` in this file to declare the module
   --> src/lib.rs:1:1
    |
  1 + mod tenant;
    |
help: consider importing one of these modules
    |
  1 + use crate::entities::tenant;
    |
  1 + use crate::models::tenant;
    |

error[E0433]: failed to resolve: use of unresolved module or unlinked crate `tenant`
   --> src/services/tenant.rs:183:25
    |
183 |         let directory = tenant::Entity::find_by_id(tenant_id)
    |                         ^^^^^^ use of unresolved module or unlinked crate `tenant`
    |
help: to make use of source file src/services/tenant.rs, use `mod tenant` in this file to declare the module
   --> src/lib.rs:1:1
    |
  1 + mod tenant;
    |
help: consider importing one of these structs
    |
  1 + use crate::entities::account::Entity;
    |
  1 + use crate::entities::activity::Entity;
    |
  1 + use crate::entities::ad_purchase::Entity;
    |
  1 + use crate::entities::app_domain::Entity;
    |
    = and 27 other candidates
help: if you import `Entity`, refer to it directly
    |
183 -         let directory = tenant::Entity::find_by_id(tenant_id)
183 +         let directory = Entity::find_by_id(tenant_id)
    |

error[E0433]: failed to resolve: use of unresolved module or unlinked crate `tenant`
   --> src/services/tenant.rs:197:25
    |
197 |         let directory = tenant::Entity::find_by_id(tenant_id)
    |                         ^^^^^^ use of unresolved module or unlinked crate `tenant`
    |
help: to make use of source file src/services/tenant.rs, use `mod tenant` in this file to declare the module
   --> src/lib.rs:1:1
    |
  1 + mod tenant;
    |
help: consider importing one of these structs
    |
  1 + use crate::entities::account::Entity;
    |
  1 + use crate::entities::activity::Entity;
    |
  1 + use crate::entities::ad_purchase::Entity;
    |
  1 + use crate::entities::app_domain::Entity;
    |
    = and 27 other candidates
help: if you import `Entity`, refer to it directly
    |
197 -         let directory = tenant::Entity::find_by_id(tenant_id)
197 +         let directory = Entity::find_by_id(tenant_id)
    |

error[E0433]: failed to resolve: use of unresolved module or unlinked crate `tenant`
   --> src/services/tenant.rs:203:31
    |
203 |         let mut active_model: tenant::ActiveModel = directory.clone().into();
    |                               ^^^^^^ use of unresolved module or unlinked crate `tenant`
    |
help: to make use of source file src/services/tenant.rs, use `mod tenant` in this file to declare the module
   --> src/lib.rs:1:1
    |
  1 + mod tenant;
    |
help: consider importing one of these modules
    |
  1 + use crate::entities::tenant;
    |
  1 + use crate::models::tenant;
    |

error[E0412]: cannot find type `CreateDirectory` in module `crate::models::tenant`
   --> src/services/tenant.rs:233:39
    |
233 |         input: crate::models::tenant::CreateDirectory
    |                                       ^^^^^^^^^^^^^^^ not found in `crate::models::tenant`

error[E0433]: failed to resolve: use of unresolved module or unlinked crate `tenant`
   --> src/services/tenant.rs:234:17
    |
234 |     ) -> Result<tenant::Model> {
    |                 ^^^^^^ use of unresolved module or unlinked crate `tenant`
    |
help: to make use of source file src/services/tenant.rs, use `mod tenant` in this file to declare the module
   --> src/lib.rs:1:1
    |
  1 + mod tenant;
    |
help: consider importing one of these modules
    |
  1 + use crate::entities::tenant;
    |
  1 + use crate::models::tenant;
    |

error[E0433]: failed to resolve: use of unresolved module or unlinked crate `tenant`
   --> src/services/tenant.rs:245:29
    |
245 |         let new_directory = tenant::ActiveModel {
    |                             ^^^^^^ use of unresolved module or unlinked crate `tenant`
    |
help: to make use of source file src/services/tenant.rs, use `mod tenant` in this file to declare the module
   --> src/lib.rs:1:1
    |
  1 + mod tenant;
    |
help: consider importing one of these modules
    |
  1 + use crate::entities::tenant;
    |
  1 + use crate::models::tenant;
    |

error[E0412]: cannot find type `UpdateDirectory` in module `crate::models::tenant`
   --> src/services/tenant.rs:277:39
    |
277 |         input: crate::models::tenant::UpdateDirectory
    |                                       ^^^^^^^^^^^^^^^ not found in `crate::models::tenant`

error[E0433]: failed to resolve: use of unresolved module or unlinked crate `tenant`
   --> src/services/tenant.rs:278:17
    |
278 |     ) -> Result<tenant::Model> {
    |                 ^^^^^^ use of unresolved module or unlinked crate `tenant`
    |
help: to make use of source file src/services/tenant.rs, use `mod tenant` in this file to declare the module
   --> src/lib.rs:1:1
    |
  1 + mod tenant;
    |
help: consider importing one of these modules
    |
  1 + use crate::entities::tenant;
    |
  1 + use crate::models::tenant;
    |

error[E0433]: failed to resolve: use of unresolved module or unlinked crate `tenant`
   --> src/services/tenant.rs:279:25
    |
279 |         let directory = tenant::Entity::find_by_id(tenant_id)
    |                         ^^^^^^ use of unresolved module or unlinked crate `tenant`
    |
help: to make use of source file src/services/tenant.rs, use `mod tenant` in this file to declare the module
   --> src/lib.rs:1:1
    |
  1 + mod tenant;
    |
help: consider importing one of these structs
    |
  1 + use crate::entities::account::Entity;
    |
  1 + use crate::entities::activity::Entity;
    |
  1 + use crate::entities::ad_purchase::Entity;
    |
  1 + use crate::entities::app_domain::Entity;
    |
    = and 27 other candidates
help: if you import `Entity`, refer to it directly
    |
279 -         let directory = tenant::Entity::find_by_id(tenant_id)
279 +         let directory = Entity::find_by_id(tenant_id)
    |

error[E0433]: failed to resolve: use of unresolved module or unlinked crate `tenant`
   --> src/services/tenant.rs:285:35
    |
285 |         let mut active_directory: tenant::ActiveModel = directory.clone().into();
    |                                   ^^^^^^ use of unresolved module or unlinked crate `tenant`
    |
help: to make use of source file src/services/tenant.rs, use `mod tenant` in this file to declare the module
   --> src/lib.rs:1:1
    |
  1 + mod tenant;
    |
help: consider importing one of these modules
    |
  1 + use crate::entities::tenant;
    |
  1 + use crate::models::tenant;
    |

error[E0433]: failed to resolve: use of unresolved module or unlinked crate `tenant`
   --> src/services/tenant.rs:313:9
    |
313 |         tenant::Entity::delete_by_id(tenant_id)
    |         ^^^^^^ use of unresolved module or unlinked crate `tenant`
    |
help: to make use of source file src/services/tenant.rs, use `mod tenant` in this file to declare the module
   --> src/lib.rs:1:1
    |
  1 + mod tenant;
    |
help: consider importing one of these structs
    |
  1 + use crate::entities::account::Entity;
    |
  1 + use crate::entities::activity::Entity;
    |
  1 + use crate::entities::ad_purchase::Entity;
    |
  1 + use crate::entities::app_domain::Entity;
    |
    = and 27 other candidates
help: if you import `Entity`, refer to it directly
    |
313 -         tenant::Entity::delete_by_id(tenant_id)
313 +         Entity::delete_by_id(tenant_id)
    |

error[E0433]: failed to resolve: use of unresolved module or unlinked crate `tenant`
   --> src/services/tenant.rs:324:17
    |
324 |     ) -> Result<tenant::Model> {
    |                 ^^^^^^ use of unresolved module or unlinked crate `tenant`
    |
help: to make use of source file src/services/tenant.rs, use `mod tenant` in this file to declare the module
   --> src/lib.rs:1:1
    |
  1 + mod tenant;
    |
help: consider importing one of these modules
    |
  1 + use crate::entities::tenant;
    |
  1 + use crate::models::tenant;
    |

error[E0433]: failed to resolve: use of unresolved module or unlinked crate `tenant`
   --> src/services/tenant.rs:325:25
    |
325 |         let directory = tenant::Entity::find_by_id(tenant_id)
    |                         ^^^^^^ use of unresolved module or unlinked crate `tenant`
    |
help: to make use of source file src/services/tenant.rs, use `mod tenant` in this file to declare the module
   --> src/lib.rs:1:1
    |
  1 + mod tenant;
    |
help: consider importing one of these structs
    |
  1 + use crate::entities::account::Entity;
    |
  1 + use crate::entities::activity::Entity;
    |
  1 + use crate::entities::ad_purchase::Entity;
    |
  1 + use crate::entities::app_domain::Entity;
    |
    = and 27 other candidates
help: if you import `Entity`, refer to it directly
    |
325 -         let directory = tenant::Entity::find_by_id(tenant_id)
325 +         let directory = Entity::find_by_id(tenant_id)
    |

error[E0433]: failed to resolve: use of unresolved module or unlinked crate `tenant`
   --> src/services/tenant.rs:336:17
    |
336 |     ) -> Result<tenant::Model> {
    |                 ^^^^^^ use of unresolved module or unlinked crate `tenant`
    |
help: to make use of source file src/services/tenant.rs, use `mod tenant` in this file to declare the module
   --> src/lib.rs:1:1
    |
  1 + mod tenant;
    |
help: consider importing one of these modules
    |
  1 + use crate::entities::tenant;
    |
  1 + use crate::models::tenant;
    |

error[E0433]: failed to resolve: use of unresolved module or unlinked crate `tenant`
   --> src/services/tenant.rs:337:25
    |
337 |         let directory = tenant::Entity::find()
    |                         ^^^^^^ use of unresolved module or unlinked crate `tenant`
    |
help: to make use of source file src/services/tenant.rs, use `mod tenant` in this file to declare the module
   --> src/lib.rs:1:1
    |
  1 + mod tenant;
    |
help: consider importing one of these structs
    |
  1 + use crate::entities::account::Entity;
    |
  1 + use crate::entities::activity::Entity;
    |
  1 + use crate::entities::ad_purchase::Entity;
    |
  1 + use crate::entities::app_domain::Entity;
    |
    = and 27 other candidates
help: if you import `Entity`, refer to it directly
    |
337 -         let directory = tenant::Entity::find()
337 +         let directory = Entity::find()
    |

error[E0433]: failed to resolve: use of unresolved module or unlinked crate `tenant`
   --> src/services/tenant.rs:340:26
    |
340 |                     .add(tenant::Column::Domain.eq(domain))
    |                          ^^^^^^ use of unresolved module or unlinked crate `tenant`
    |
help: to make use of source file src/services/tenant.rs, use `mod tenant` in this file to declare the module
   --> src/lib.rs:1:1
    |
  1 + mod tenant;
    |
help: consider importing one of these enums
    |
  1 + use crate::entities::account::Column;
    |
  1 + use crate::entities::activity::Column;
    |
  1 + use crate::entities::ad_purchase::Column;
    |
  1 + use crate::entities::app_domain::Column;
    |
    = and 27 other candidates
help: if you import `Column`, refer to it directly
    |
340 -                     .add(tenant::Column::Domain.eq(domain))
340 +                     .add(Column::Domain.eq(domain))
    |

error[E0425]: cannot find value `domain` in this scope
   --> src/services/tenant.rs:340:52
    |
340 |                     .add(tenant::Column::Domain.eq(domain))
    |                                                    ^^^^^^ not found in this scope

error[E0433]: failed to resolve: use of unresolved module or unlinked crate `tenant`
   --> src/services/tenant.rs:341:26
    |
341 |                     .add(tenant::Column::CustomDomain.eq(domain))
    |                          ^^^^^^ use of unresolved module or unlinked crate `tenant`
    |
help: to make use of source file src/services/tenant.rs, use `mod tenant` in this file to declare the module
   --> src/lib.rs:1:1
    |
  1 + mod tenant;
    |
help: consider importing one of these enums
    |
  1 + use crate::entities::account::Column;
    |
  1 + use crate::entities::activity::Column;
    |
  1 + use crate::entities::ad_purchase::Column;
    |
  1 + use crate::entities::app_domain::Column;
    |
    = and 27 other candidates
help: if you import `Column`, refer to it directly
    |
341 -                     .add(tenant::Column::CustomDomain.eq(domain))
341 +                     .add(Column::CustomDomain.eq(domain))
    |

error[E0425]: cannot find value `domain` in this scope
   --> src/services/tenant.rs:341:58
    |
341 |                     .add(tenant::Column::CustomDomain.eq(domain))
    |                                                          ^^^^^^ not found in this scope

error[E0433]: failed to resolve: use of unresolved module or unlinked crate `tenant`
   --> src/services/tenant.rs:342:26
    |
342 |                     .add(tenant::Column::Subdomain.eq(domain))
    |                          ^^^^^^ use of unresolved module or unlinked crate `tenant`
    |
help: to make use of source file src/services/tenant.rs, use `mod tenant` in this file to declare the module
   --> src/lib.rs:1:1
    |
  1 + mod tenant;
    |
help: consider importing one of these enums
    |
  1 + use crate::entities::account::Column;
    |
  1 + use crate::entities::activity::Column;
    |
  1 + use crate::entities::ad_purchase::Column;
    |
  1 + use crate::entities::app_domain::Column;
    |
    = and 27 other candidates
help: if you import `Column`, refer to it directly
    |
342 -                     .add(tenant::Column::Subdomain.eq(domain))
342 +                     .add(Column::Subdomain.eq(domain))
    |

error[E0425]: cannot find value `domain` in this scope
   --> src/services/tenant.rs:342:55
    |
342 |                     .add(tenant::Column::Subdomain.eq(domain))
    |                                                       ^^^^^^ not found in this scope

error[E0433]: failed to resolve: use of unresolved module or unlinked crate `tenant`
   --> src/services/tenant.rs:354:21
    |
354 |     ) -> Result<Vec<tenant::Model>> {
    |                     ^^^^^^ use of unresolved module or unlinked crate `tenant`
    |
help: to make use of source file src/services/tenant.rs, use `mod tenant` in this file to declare the module
   --> src/lib.rs:1:1
    |
  1 + mod tenant;
    |
help: consider importing one of these modules
    |
  1 + use crate::entities::tenant;
    |
  1 + use crate::models::tenant;
    |

error[E0433]: failed to resolve: use of unresolved module or unlinked crate `tenant`
   --> src/services/tenant.rs:355:27
    |
355 |         let directories = tenant::Entity::find()
    |                           ^^^^^^ use of unresolved module or unlinked crate `tenant`
    |
help: to make use of source file src/services/tenant.rs, use `mod tenant` in this file to declare the module
   --> src/lib.rs:1:1
    |
  1 + mod tenant;
    |
help: consider importing one of these structs
    |
  1 + use crate::entities::account::Entity;
    |
  1 + use crate::entities::activity::Entity;
    |
  1 + use crate::entities::ad_purchase::Entity;
    |
  1 + use crate::entities::app_domain::Entity;
    |
    = and 27 other candidates
help: if you import `Entity`, refer to it directly
    |
355 -         let directories = tenant::Entity::find()
355 +         let directories = Entity::find()
    |

error[E0433]: failed to resolve: use of unresolved module or unlinked crate `tenant`
   --> src/services/tenant.rs:356:21
    |
356 |             .filter(tenant::Column::TenantTypeId.eq(directory_type_id))
    |                     ^^^^^^ use of unresolved module or unlinked crate `tenant`
    |
help: to make use of source file src/services/tenant.rs, use `mod tenant` in this file to declare the module
   --> src/lib.rs:1:1
    |
  1 + mod tenant;
    |
help: consider importing one of these enums
    |
  1 + use crate::entities::account::Column;
    |
  1 + use crate::entities::activity::Column;
    |
  1 + use crate::entities::ad_purchase::Column;
    |
  1 + use crate::entities::app_domain::Column;
    |
    = and 27 other candidates
help: if you import `Column`, refer to it directly
    |
356 -             .filter(tenant::Column::TenantTypeId.eq(directory_type_id))
356 +             .filter(Column::TenantTypeId.eq(directory_type_id))
    |

error[E0425]: cannot find value `directory_type_id` in this scope
   --> src/services/tenant.rs:356:53
    |
356 |             .filter(tenant::Column::TenantTypeId.eq(directory_type_id))
    |                                                     ^^^^^^^^^^^^^^^^^ not found in this scope

warning: unused import: `admin`
 --> src/api.rs:3:30
  |
3 | use crate::handlers::{users, admin, profiles, listings, accounts, my_accounts, ab_testing, user_accounts, ad_purchases, tenant, sessions,...
  |                              ^^^^^
  |
  = note: `#[warn(unused_imports)]` (part of `#[warn(unused)]`) on by default

warning: unused imports: `Any` and `CorsLayer`
 --> src/api.rs:8:24
  |
8 | use tower_http::cors::{CorsLayer, Any};
  |                        ^^^^^^^^^  ^^^

warning: unused imports: `Response`, `StatusCode`, and `response::IntoResponse`
 --> src/api.rs:9:48
  |
9 | use axum::{extract::Request, middleware::Next, response::IntoResponse, http::{StatusCode, Response}};
  |                                                ^^^^^^^^^^^^^^^^^^^^^^         ^^^^^^^^^^  ^^^^^^^^

warning: unused import: `profile`
 --> src/auth.rs:6:23
  |
6 | use crate::entities::{profile, user};
  |                       ^^^^^^^

warning: unused imports: `Extension`, `FromRequest`, `Request`, `StatusCode`, and `response::IntoResponse`
  --> src/auth.rs:8:15
   |
 8 |     extract::{FromRequest, Extension},
   |               ^^^^^^^^^^^  ^^^^^^^^^
 9 |     http::{StatusCode, Request},
   |            ^^^^^^^^^^  ^^^^^^^
10 |     response::IntoResponse,
   |     ^^^^^^^^^^^^^^^^^^^^^^

warning: unused import: `serde_json::json`
  --> src/auth.rs:12:5
   |
12 | use serde_json::json;
   |     ^^^^^^^^^^^^^^^^

warning: unused import: `crate::entities::user::Model as UserModel`
  --> src/auth.rs:13:5
   |
13 | use crate::entities::user::Model as UserModel;
   |     ^^^^^^^^^^^^^^^^^^^^^^^^^^^^^^^^^^^^^^^^^

warning: unused import: `tracing::debug`
  --> src/auth.rs:14:5
   |
14 | use tracing::debug;
   |     ^^^^^^^^^^^^^^

warning: unused import: `sea_orm::FromJsonQueryResult`
 --> src/entities/activity.rs:3:5
  |
3 | use sea_orm::FromJsonQueryResult;
  |     ^^^^^^^^^^^^^^^^^^^^^^^^^^^^

warning: unused import: `serde_json::Value as JsonValue`
 --> src/entities/activity.rs:6:5
  |
6 | use serde_json::Value as JsonValue;
  |     ^^^^^^^^^^^^^^^^^^^^^^^^^^^^^^

warning: unused import: `Deserialize`
 --> src/entities/ad_purchase.rs:2:13
  |
2 | use serde::{Deserialize, Serialize};
  |             ^^^^^^^^^^^

warning: unused imports: `body::Body` and `middleware::Next`
 --> src/middleware/request_logger.rs:2:5
  |
2 |     body::Body,
  |     ^^^^^^^^^^
...
5 |     middleware::Next,
  |     ^^^^^^^^^^^^^^^^

warning: unused import: `Request`
 --> src/middleware/rate_limiter.rs:3:18
  |
3 | use axum::http::{Request, StatusCode};
  |                  ^^^^^^^

warning: unused import: `axum::response::Response`
 --> src/middleware/rate_limiter.rs:4:5
  |
4 | use axum::response::Response;
  |     ^^^^^^^^^^^^^^^^^^^^^^^^

warning: unused import: `axum::extract::FromRequest`
 --> src/middleware/rate_limiter.rs:6:5
  |
6 | use axum::extract::FromRequest;
  |     ^^^^^^^^^^^^^^^^^^^^^^^^^^

warning: unused import: `Body`
 --> src/middleware/rate_limiter.rs:7:18
  |
7 | use axum::body::{Body};
  |                  ^^^^

warning: unused import: `file`
  --> src/handlers/cases.rs:22:61
   |
22 | use crate::entities::{case, activity, note, customer, user, file};
   |                                                             ^^^^

warning: unused imports: `ColumnTrait` and `QueryFilter`
 --> src/handlers/deals.rs:9:38
  |
9 |     DatabaseConnection, EntityTrait, QueryFilter, Set, ColumnTrait,
  |                                      ^^^^^^^^^^^       ^^^^^^^^^^^

warning: unused import: `file`
  --> src/handlers/deals.rs:15:48
   |
15 | use crate::entities::{deal, customer, contact, file, user, note, activity};
   |                                                ^^^^

warning: unused imports: `ActiveValue`, `IntoActiveModel`, and `Value`
  --> src/handlers/leads.rs:10:34
   |
10 |     ActiveModelTrait, ModelTrait,IntoActiveModel, ActiveValue, Value
   |                                  ^^^^^^^^^^^^^^^  ^^^^^^^^^^^  ^^^^^

warning: unused import: `crate::models::address::AddressJson`
  --> src/handlers/leads.rs:16:5
   |
16 | use crate::models::address::AddressJson;
   |     ^^^^^^^^^^^^^^^^^^^^^^^^^^^^^^^^^^^

warning: unused imports: `ActiveValue` and `Value`
  --> src/handlers/customers.rs:10:50
   |
10 |     ActiveModelTrait, ModelTrait, PaginatorTrait,ActiveValue, Value
   |                                                  ^^^^^^^^^^^  ^^^^^

warning: unused import: `crate::models::address::AddressJson`
  --> src/handlers/customers.rs:23:5
   |
23 | use crate::models::address::AddressJson;
   |     ^^^^^^^^^^^^^^^^^^^^^^^^^^^^^^^^^^^

warning: unused import: `ModelTrait`
  --> src/handlers/contacts.rs:10:23
   |
10 |     ActiveModelTrait, ModelTrait,
   |                       ^^^^^^^^^^

warning: unused import: `user`
 --> src/handlers/files.rs:9:71
  |
9 | use crate::entities::{file::{self, Entity as File}, file_association, user};
  |                                                                       ^^^^

warning: unused imports: `ColumnTrait` and `QueryFilter`
 --> src/handlers/notes.rs:9:38
  |
9 |     DatabaseConnection, EntityTrait, QueryFilter, Set, ColumnTrait,
  |                                      ^^^^^^^^^^^       ^^^^^^^^^^^

warning: unused imports: `delete` and `put`
 --> src/handlers/ad_purchases.rs:7:26
  |
7 |     routing::{get, post, put, delete},
  |                          ^^^  ^^^^^^

warning: unused import: `InsertResult`
  --> src/handlers/accounts.rs:10:5
   |
10 |     InsertResult, ActiveModelTrait, ModelTrait,
   |     ^^^^^^^^^^^^

warning: unused import: `Extension`
 --> src/handlers/templates.rs:2:15
  |
2 |     extract::{Extension, Json, Path, State},
  |               ^^^^^^^^^

warning: unused imports: `DatabaseTransaction` and `TransactionTrait`
 --> src/handlers/templates.rs:7:23
  |
7 |     QueryFilter, Set, TransactionTrait,IntoActiveModel, DatabaseTransaction
  |                       ^^^^^^^^^^^^^^^^                  ^^^^^^^^^^^^^^^^^^^

warning: unused imports: `IntoResponse` and `Response`
 --> src/handlers/templates.rs:9:23
  |
9 | use axum::response::{ Response, IntoResponse};
  |                       ^^^^^^^^  ^^^^^^^^^^^^

warning: unused import: `std::str::FromStr`
  --> src/handlers/templates.rs:15:5
   |
15 | use std::str::FromStr;
   |     ^^^^^^^^^^^^^^^^^

warning: unused imports: `profile`, `template::Entity as Template`, and `user_account`
  --> src/handlers/templates.rs:18:5
   |
18 |     profile,
   |     ^^^^^^^
19 |     template,
20 |     template::Entity as Template, // Add this line
   |     ^^^^^^^^^^^^^^^^^^^^^^^^^^^^
21 |     user,
22 |     user_account,
   |     ^^^^^^^^^^^^

warning: unused imports: `ListingCreate` and `ListingStatus`
  --> src/handlers/templates.rs:27:29
   |
27 |     listing::{ListingModel, ListingCreate, ListingStatus}, 
   |                             ^^^^^^^^^^^^^  ^^^^^^^^^^^^^

warning: unused import: `DbErr`
 --> src/handlers/directory_types.rs:5:56
  |
5 |     ActiveModelTrait, ColumnTrait, DatabaseConnection, DbErr, EntityTrait, PaginatorTrait, QueryFilter, Set,
  |                                                        ^^^^^

warning: unused import: `DateTime`
 --> src/handlers/directory_types.rs:9:14
  |
9 | use chrono::{DateTime, Utc};
  |              ^^^^^^^^

warning: unused imports: `Entity as AdPurchase`, `Entity as User`, and `self`
 --> src/handlers/listings.rs:2:19
  |
2 |     ad_purchase::{self, Entity as AdPurchase},
  |                   ^^^^  ^^^^^^^^^^^^^^^^^^^^
...
5 |     user::{self, Entity as User},
  |                  ^^^^^^^^^^^^^^

warning: unused import: `DatabaseTransaction`
  --> src/handlers/listings.rs:10:105
   |
10 |     DatabaseConnection, EntityTrait, Set, QueryFilter, ColumnTrait, ActiveModelTrait, TransactionTrait, DatabaseTransaction, IntoActiveMo...
   |                                                                                                         ^^^^^^^^^^^^^^^^^^^

warning: unused imports: `Entity as AdPurchase`, `Entity as User`, and `self`
 --> src/handlers/profiles.rs:3:19
  |
3 |     ad_purchase::{self, Entity as AdPurchase},
  |                   ^^^^  ^^^^^^^^^^^^^^^^^^^^
4 |     profile::{self, Entity as Profile},
5 |     user::{self, Entity as User},
  |                  ^^^^^^^^^^^^^^

warning: unused imports: `AccountModel`, `CreateAccountInput`, and `UpdateAccountInput`
 --> src/handlers/profiles.rs:9:30
  |
9 | use crate::models::account::{AccountModel, CreateAccountInput, UpdateAccountInput};
  |                              ^^^^^^^^^^^^  ^^^^^^^^^^^^^^^^^^  ^^^^^^^^^^^^^^^^^^

warning: unused imports: `delete` and `put`
  --> src/handlers/profiles.rs:14:26
   |
14 |     routing::{get, post, put, delete},
   |                          ^^^  ^^^^^^

warning: unused import: `sea_orm::Database`
  --> src/handlers/profiles.rs:17:5
   |
17 | use sea_orm::Database;
   |     ^^^^^^^^^^^^^^^^^

warning: unused imports: `ColumnTrait`, `ModelTrait`, and `QueryFilter`
  --> src/handlers/user_accounts.rs:11:38
   |
11 |     DatabaseConnection, EntityTrait, QueryFilter, Set, ColumnTrait,
   |                                      ^^^^^^^^^^^       ^^^^^^^^^^^
12 |     ActiveModelTrait, ModelTrait,
   |                       ^^^^^^^^^^

warning: unused imports: `Entity as Account`, `Entity as AdPurchase`, `Entity as Profile`, `Entity as Session`, `Entity as UserAccount`, and `self`
 --> src/handlers/users.rs:2:19
  |
2 |     ad_purchase::{self, Entity as AdPurchase},
  |                   ^^^^  ^^^^^^^^^^^^^^^^^^^^
3 |     profile::{self, Entity as Profile},
  |                     ^^^^^^^^^^^^^^^^^
4 |     user::{self, Entity as User},
5 |     user_account::{self, Entity as UserAccount},
  |                          ^^^^^^^^^^^^^^^^^^^^^
6 |     session::{self, Entity as Session},
  |                     ^^^^^^^^^^^^^^^^^
7 |     account::{self, Entity as Account},
  |                     ^^^^^^^^^^^^^^^^^

warning: unused import: `body::Body`
  --> src/handlers/users.rs:11:5
   |
11 |     body::Body, extract::{Extension, Json, Path, State}, http::StatusCode, response::IntoResponse, routing::{get, post, put}, Router
   |     ^^^^^^^^^^

warning: unused imports: `HeaderMap`, `Host`, and `UserAgent`
  --> src/handlers/users.rs:13:15
   |
13 | use headers::{UserAgent, Host, HeaderMap};
   |               ^^^^^^^^^  ^^^^  ^^^^^^^^^

warning: unused import: `generate_jwt`
  --> src/handlers/users.rs:16:51
   |
16 | use crate::auth::{hash_password, verify_password, generate_jwt};
   |                                                   ^^^^^^^^^^^^

warning: unused import: `UserInfo`
  --> src/handlers/users.rs:17:30
   |
17 | use crate::models::session::{UserInfo, SessionResponse};
   |                              ^^^^^^^^

warning: unused import: `crate::handlers::request_logs::log_request`
  --> src/handlers/users.rs:24:5
   |
24 | use crate::handlers::request_logs::log_request;
   |     ^^^^^^^^^^^^^^^^^^^^^^^^^^^^^^^^^^^^^^^^^^

warning: unused imports: `State` and `response::IntoResponse`
 --> src/handlers/passkeys.rs:2:32
  |
2 |     extract::{Extension, Json, State},
  |                                ^^^^^
3 |     http::StatusCode,
4 |     response::IntoResponse,
  |     ^^^^^^^^^^^^^^^^^^^^^^

warning: unused imports: `category` and `template`
 --> src/handlers/admin.rs:4:5
  |
4 |     template, category, directory_type
  |     ^^^^^^^^  ^^^^^^^^

warning: unused imports: `Response`, `Router`, and `routing::get`
  --> src/handlers/admin.rs:7:5
   |
 7 |     Router,
   |     ^^^^^^
 8 |     extract::{Extension, Json, Path, State, Query},
 9 |     routing::get,
   |     ^^^^^^^^^^^^
10 |     http::StatusCode,
11 |     response::{IntoResponse, Response},
   |                              ^^^^^^^^

warning: unused import: `sessions`
  --> src/handlers/admin.rs:22:39
   |
22 | use crate::handlers::{listings,tenant,sessions};
   |                                       ^^^^^^^^

warning: unnecessary parentheses around type
   --> src/handlers/admin.rs:230:30
    |
230 |     Path((listing_id)): Path<(Uuid)>,
    |                              ^    ^
    |
    = note: `#[warn(unused_parens)]` (part of `#[warn(unused)]`) on by default
help: remove these parentheses
    |
230 -     Path((listing_id)): Path<(Uuid)>,
230 +     Path((listing_id)): Path<Uuid >,
    |

warning: unnecessary parentheses around pattern
   --> src/handlers/admin.rs:230:10
    |
230 |     Path((listing_id)): Path<(Uuid)>,
    |          ^          ^
    |
help: remove these parentheses
    |
230 -     Path((listing_id)): Path<(Uuid)>,
230 +     Path(listing_id ): Path<(Uuid)>,
    |

warning: unnecessary parentheses around function argument
   --> src/handlers/admin.rs:233:21
    |
233 |     let path = Path((listing_id));
    |                     ^          ^
    |
help: remove these parentheses
    |
233 -     let path = Path((listing_id));
233 +     let path = Path(listing_id );
    |

warning: unused imports: `Authorization`, `Host`, and `authorization::Bearer`
 --> src/handlers/sessions.rs:6:15
  |
6 | use headers::{Authorization, authorization::Bearer, Host}; 
  |               ^^^^^^^^^^^^^  ^^^^^^^^^^^^^^^^^^^^^  ^^^^

warning: unused imports: `Method` and `Uri`
 --> src/handlers/sessions.rs:7:18
  |
7 | use axum::http::{Method, Uri};
  |                  ^^^^^^  ^^^

warning: unused import: `hash_password`
  --> src/handlers/sessions.rs:12:33
   |
12 | use crate::auth::{generate_jwt, hash_password, verify_password, generate_jwt_admin};
   |                                 ^^^^^^^^^^^^^

warning: unused import: `crate::handlers::users::LoginResponse`
  --> src/handlers/sessions.rs:13:5
   |
13 | use crate::handlers::users::LoginResponse;
   |     ^^^^^^^^^^^^^^^^^^^^^^^^^^^^^^^^^^^^^

warning: unused imports: `RequestStatus` and `RequestType`
  --> src/handlers/sessions.rs:16:34
   |
16 | use crate::models::request_log::{RequestStatus, RequestType};
   |                                  ^^^^^^^^^^^^^  ^^^^^^^^^^^

warning: unused import: `crate::handlers::request_logs::log_request`
  --> src/handlers/sessions.rs:17:5
   |
17 | use crate::handlers::request_logs::log_request;
   |     ^^^^^^^^^^^^^^^^^^^^^^^^^^^^^^^^^^^^^^^^^^

warning: unused import: `Set`
 --> src/handlers/auth_frontend.rs:8:74
  |
8 | use sea_orm::{DatabaseConnection, EntityTrait, QueryFilter, ColumnTrait, Set, ActiveModelTrait};
  |                                                                          ^^^

warning: unused import: `Serialize`
 --> src/handlers/auth_frontend.rs:9:26
  |
9 | use serde::{Deserialize, Serialize};
  |                          ^^^^^^^^^

warning: unused import: `uuid::Uuid`
  --> src/handlers/auth_frontend.rs:11:5
   |
11 | use uuid::Uuid;
   |     ^^^^^^^^^^

warning: unused import: `chrono::Utc`
  --> src/handlers/auth_frontend.rs:12:5
   |
12 | use chrono::Utc;
   |     ^^^^^^^^^^^

warning: unused imports: `account`, `profile`, and `user_account`
  --> src/handlers/auth_frontend.rs:14:29
   |
14 | use crate::entities::{user, account, profile, user_account};
   |                             ^^^^^^^  ^^^^^^^  ^^^^^^^^^^^^

warning: unused import: `hash_password`
  --> src/handlers/auth_frontend.rs:15:19
   |
15 | use crate::auth::{hash_password, verify_password};
   |                   ^^^^^^^^^^^^^

warning: unused import: `crate::models::user::UserRegistration`
  --> src/handlers/auth_frontend.rs:17:5
   |
17 | use crate::models::user::UserRegistration;
   |     ^^^^^^^^^^^^^^^^^^^^^^^^^^^^^^^^^^^^^

warning: unused imports: `JoinType` and `RelationTrait`
 --> src/handlers/my_accounts.rs:8:109
  |
8 | use sea_orm::{DatabaseConnection, EntityTrait, QueryFilter, ColumnTrait, Set, ActiveModelTrait, ModelTrait, RelationTrait, JoinType};
  |                                                                                                             ^^^^^^^^^^^^^  ^^^^^^^^

warning: unused import: `Serialize`
 --> src/handlers/my_accounts.rs:9:26
  |
9 | use serde::{Deserialize, Serialize};
  |                          ^^^^^^^^^

warning: unused import: `Query`
 --> src/handlers/ab_testing.rs:2:34
  |
2 |     extract::{State, Path, Json, Query},
  |                                  ^^^^^

warning: unused import: `Serialize`
 --> src/handlers/ab_testing.rs:9:26
  |
9 | use serde::{Deserialize, Serialize};
  |                          ^^^^^^^^^

warning: unused imports: `Condition`, `DbErr`, `QuerySelect`, and `RelationTrait`
 --> src/handlers/feeds.rs:9:5
  |
9 |     RelationTrait, QuerySelect, Condition, DbErr, QueryOrder, Order
  |     ^^^^^^^^^^^^^  ^^^^^^^^^^^  ^^^^^^^^^  ^^^^^

warning: unused imports: `Condition`, `DbErr`, `QuerySelect`, and `RelationTrait`
 --> src/handlers/feed_items.rs:9:5
  |
9 |     RelationTrait, QuerySelect, Condition, DbErr, QueryOrder, Order, TransactionTrait, PaginatorTrait
  |     ^^^^^^^^^^^^^  ^^^^^^^^^^^  ^^^^^^^^^  ^^^^^

warning: unused import: `self`
  --> src/handlers/feed_items.rs:11:29
   |
11 | use crate::entities::feed::{self, Entity as Feed};
   |                             ^^^^

warning: unused import: `CreateAttachment`
  --> src/handlers/feed_items.rs:14:79
   |
14 | use crate::models::feed_item::{FeedItemModel, CreateFeedItem, UpdateFeedItem, CreateAttachment};
   |                                                                               ^^^^^^^^^^^^^^^^

warning: unused import: `serde_json::json`
  --> src/handlers/feed_items.rs:18:5
   |
18 | use serde_json::json;
   |     ^^^^^^^^^^^^^^^^

warning: unused import: `Duration`
 --> src/models/user.rs:1:24
  |
1 | use chrono::{DateTime, Duration, Utc};
  |                        ^^^^^^^^

warning: unused import: `sea_orm::DeriveActiveEnum`
 --> src/models/user.rs:3:5
  |
3 | use sea_orm::DeriveActiveEnum;
  |     ^^^^^^^^^^^^^^^^^^^^^^^^^

warning: unused import: `sea_orm::prelude::*`
 --> src/models/user.rs:5:5
  |
5 | use sea_orm::prelude::*;
  |     ^^^^^^^^^^^^^^^^^^^

warning: unused imports: `DateTime`, `Duration`, and `Utc`
 --> src/models/profile.rs:1:14
  |
1 | use chrono::{Utc, DateTime, Duration};
  |              ^^^  ^^^^^^^^  ^^^^^^^^

warning: unused import: `crate::entities::user_account::UserRole`
 --> src/models/profile.rs:3:5
  |
3 | use crate::entities::user_account::UserRole;
  |     ^^^^^^^^^^^^^^^^^^^^^^^^^^^^^^^^^^^^^^^

warning: unused import: `sea_orm::DeriveActiveEnum`
 --> src/models/profile.rs:4:5
  |
4 | use sea_orm::DeriveActiveEnum;
  |     ^^^^^^^^^^^^^^^^^^^^^^^^^

warning: unused import: `sea_orm::prelude::*`
 --> src/models/profile.rs:6:5
  |
6 | use sea_orm::prelude::*;
  |     ^^^^^^^^^^^^^^^^^^^

warning: unused import: `Duration`
 --> src/models/user_account.rs:1:29
  |
1 | use chrono::{Utc, DateTime, Duration};
  |                             ^^^^^^^^

warning: unused import: `sea_orm::DeriveActiveEnum`
 --> src/models/user_account.rs:4:5
  |
4 | use sea_orm::DeriveActiveEnum;
  |     ^^^^^^^^^^^^^^^^^^^^^^^^^

warning: unused import: `sea_orm::prelude::*`
 --> src/models/user_account.rs:6:5
  |
6 | use sea_orm::prelude::*;
  |     ^^^^^^^^^^^^^^^^^^^

warning: unused import: `Duration`
 --> src/models/template.rs:1:29
  |
1 | use chrono::{Utc, DateTime, Duration};
  |                             ^^^^^^^^

warning: unused import: `crate::entities::user_account::UserRole`
 --> src/models/template.rs:3:5
  |
3 | use crate::entities::user_account::UserRole;
  |     ^^^^^^^^^^^^^^^^^^^^^^^^^^^^^^^^^^^^^^^

warning: unused import: `sea_orm::DeriveActiveEnum`
 --> src/models/template.rs:4:5
  |
4 | use sea_orm::DeriveActiveEnum;
  |     ^^^^^^^^^^^^^^^^^^^^^^^^^

warning: unused import: `crate::entities::category`
 --> src/models/account.rs:2:5
  |
2 | use crate::entities::category;
  |     ^^^^^^^^^^^^^^^^^^^^^^^^^

warning: unused import: `Duration`
 --> src/models/ad_purchase.rs:1:29
  |
1 | use chrono::{Utc, DateTime, Duration};
  |                             ^^^^^^^^

warning: unused import: `Duration`
 --> src/models/tenant.rs:1:29
  |
1 | use chrono::{Utc, DateTime, Duration};
  |                             ^^^^^^^^

warning: unused import: `Duration`
 --> src/models/listing.rs:1:29
  |
1 | use chrono::{Utc, DateTime, Duration};
  |                             ^^^^^^^^

warning: unused import: `Deserialize`
 --> src/models/session.rs:1:13
  |
1 | use serde::{Deserialize, Serialize};
  |             ^^^^^^^^^^^

warning: unused import: `Duration`
 --> src/models/request_log.rs:1:29
  |
1 | use chrono::{Utc, DateTime, Duration};
  |                             ^^^^^^^^

warning: unused import: `serde_json::Value`
 --> src/models/request_log.rs:5:5
  |
5 | use serde_json::Value;
  |     ^^^^^^^^^^^^^^^^^

warning: unused imports: `IntoActiveModel` and `Set`
 --> src/models/request_log.rs:6:15
  |
6 | use sea_orm::{IntoActiveModel, Set};
  |               ^^^^^^^^^^^^^^^  ^^^

warning: unused import: `crate::entities::listing`
 --> src/models/request_log.rs:8:5
  |
8 | use crate::entities::listing;
  |     ^^^^^^^^^^^^^^^^^^^^^^^^

warning: unused import: `std::str::FromStr`
 --> src/models/request_log.rs:9:5
  |
9 | use std::str::FromStr;
  |     ^^^^^^^^^^^^^^^^^

warning: unused import: `super::file::FileAssociation`
 --> src/models/lead.rs:6:5
  |
6 | use super::file::FileAssociation;
  |     ^^^^^^^^^^^^^^^^^^^^^^^^^^^^

warning: unused imports: `DatabaseConnection`, `EntityTrait`, `ModelTrait`, and `RelationTrait`
 --> src/models/lead.rs:7:15
  |
7 | use sea_orm::{DatabaseConnection, EntityTrait, ModelTrait, RelationTrait};
  |               ^^^^^^^^^^^^^^^^^^  ^^^^^^^^^^^  ^^^^^^^^^^  ^^^^^^^^^^^^^

warning: unused import: `super::file::FileAssociation`
 --> src/models/deal.rs:4:5
  |
4 | use super::file::FileAssociation;
  |     ^^^^^^^^^^^^^^^^^^^^^^^^^^^^

warning: unused imports: `ActiveModelTrait`, `DatabaseConnection`, `EntityTrait`, `ModelTrait`, `RelationTrait`, and `Set`
 --> src/models/deal.rs:5:15
  |
5 | use sea_orm::{DatabaseConnection, EntityTrait, ModelTrait, RelationTrait, ActiveModelTrait, Set};
  |               ^^^^^^^^^^^^^^^^^^  ^^^^^^^^^^^  ^^^^^^^^^^  ^^^^^^^^^^^^^  ^^^^^^^^^^^^^^^^  ^^^

warning: unused import: `file`
 --> src/models/deal.rs:6:28
  |
6 | use crate::entities::{deal,file};
  |                            ^^^^

warning: unused import: `CustomerType`
 --> src/models/customer.rs:1:58
  |
1 | use crate::entities::customer::{Model as CustomerEntity, CustomerType, CustomerAttributes};
  |                                                          ^^^^^^^^^^^^

warning: unused imports: `DatabaseConnection`, `EntityTrait`, `ModelTrait`, and `RelationTrait`
 --> src/models/customer.rs:7:15
  |
7 | use sea_orm::{DatabaseConnection, EntityTrait, ModelTrait, RelationTrait};
  |               ^^^^^^^^^^^^^^^^^^  ^^^^^^^^^^^  ^^^^^^^^^^  ^^^^^^^^^^^^^

warning: unused imports: `customer` and `file`
 --> src/models/customer.rs:8:23
  |
8 | use crate::entities::{customer, file};
  |                       ^^^^^^^^  ^^^^

warning: unused import: `super::file::FileAssociation`
 --> src/models/contact.rs:6:5
  |
6 | use super::file::FileAssociation;
  |     ^^^^^^^^^^^^^^^^^^^^^^^^^^^^

warning: unused imports: `DatabaseConnection`, `EntityTrait`, `ModelTrait`, and `RelationTrait`
 --> src/models/contact.rs:7:15
  |
7 | use sea_orm::{DatabaseConnection, EntityTrait, ModelTrait, RelationTrait};
  |               ^^^^^^^^^^^^^^^^^^  ^^^^^^^^^^^  ^^^^^^^^^^  ^^^^^^^^^^^^^

warning: unused import: `file`
 --> src/models/case.rs:4:29
  |
4 | use crate::entities::{case, file};
  |                             ^^^^

warning: unused import: `super::file::FileAssociation`
 --> src/models/case.rs:5:5
  |
5 | use super::file::FileAssociation;
  |     ^^^^^^^^^^^^^^^^^^^^^^^^^^^^

warning: unused imports: `Extension`, `IntoResponse`, `Json as JsonResponse`, `Json`, `Path`, and `http::StatusCode`
 --> src/admin/routes.rs:4:15
  |
4 |     extract::{Extension, Path, Json},
  |               ^^^^^^^^^  ^^^^  ^^^^
5 |     http::StatusCode,
  |     ^^^^^^^^^^^^^^^^
6 |     response::{IntoResponse, Json as JsonResponse},
  |                ^^^^^^^^^^^^  ^^^^^^^^^^^^^^^^^^^^

warning: unused import: `directories`
  --> src/admin/routes.rs:11:33
   |
11 |     leads, deals, cases, files, directories, listings, accounts};
   |                                 ^^^^^^^^^^^

warning: unused import: `crate::auth::*`
  --> src/admin/routes.rs:12:5
   |
12 | use crate::auth::*;
   |     ^^^^^^^^^^^^^^

warning: unused import: `crate::middleware::*`
  --> src/admin/routes.rs:13:5
   |
13 | use crate::middleware::*;
   |     ^^^^^^^^^^^^^^^^^^^^

warning: unused import: `axum::middleware::from_fn`
  --> src/admin/routes.rs:14:5
   |
14 | use axum::middleware::from_fn;
   |     ^^^^^^^^^^^^^^^^^^^^^^^^^

warning: unused import: `uuid::Uuid`
  --> src/admin/routes.rs:16:5
   |
16 | use uuid::Uuid;
   |     ^^^^^^^^^^

warning: unused import: `DbErr`
 --> src/services/tenant.rs:1:87
  |
1 | use sea_orm::{DatabaseConnection, EntityTrait, QuerySelect, QueryFilter, ColumnTrait, DbErr, ActiveModelTrait};
  |                                                                                       ^^^^^

warning: unused import: `std::collections::HashMap`
 --> src/services/tenant.rs:4:5
  |
4 | use std::collections::HashMap;
  |     ^^^^^^^^^^^^^^^^^^^^^^^^^

warning: unused import: `self`
 --> src/services/tenant.rs:7:23
  |
7 | use crate::entities::{self, directory};
  |                       ^^^^

warning: variable does not need to be mutable
   --> src/middleware/middleware.rs:150:21
    |
150 |                 let mut req = Request::from_parts(parts, body);
    |                     ----^^^
    |                     |
    |                     help: remove this `mut`
    |
    = note: `#[warn(unused_mut)]` (part of `#[warn(unused)]`) on by default

error[E0282]: type annotations needed
   --> src/middleware/middleware.rs:469:57
    |
469 |                 tracing::debug!("Found {} directories", directories.len());
    |                                                         ^^^^^^^^^^^ cannot infer type

error[E0063]: missing field `directory_type_id` in initializer of `entities::category::ActiveModel`
  --> src/handlers/categories.rs:68:24
   |
68 |     let new_category = category::ActiveModel {
   |                        ^^^^^^^^^^^^^^^^^^^^^ missing `directory_type_id`

error[E0308]: mismatched types
   --> src/handlers/categories.rs:137:49
    |
137 |         category_active.directory_type_id = Set(directory_type_id);
    |                                             --- ^^^^^^^^^^^^^^^^^ expected `Option<Uuid>`, found `Uuid`
    |                                             |
    |                                             arguments to this enum variant are incorrect
    |
    = note: expected enum `std::option::Option<uuid::Uuid>`
             found struct `uuid::Uuid`
help: the type constructed contains `uuid::Uuid` due to the type of the argument passed
   --> src/handlers/categories.rs:137:45
    |
137 |         category_active.directory_type_id = Set(directory_type_id);
    |                                             ^^^^-----------------^
    |                                                 |
    |                                                 this argument influences the type of `Set`
note: tuple variant defined here
   --> /Users/oply/.cargo/registry/src/index.crates.io-1949cf8c6b5b557f/sea-orm-1.1.13/src/entity/active_model.rs:45:5
    |
 45 |     Set(V),
    |     ^^^
help: try wrapping the expression in `Some`
    |
137 |         category_active.directory_type_id = Set(Some(directory_type_id));
    |                                                 +++++                 +

error[E0282]: type annotations needed
  --> src/handlers/directory_types.rs:16:27
   |
16 |       let directory_types = directory_type::Entity::find()
   |  ___________________________^
17 | |         .all(&db)
18 | |         .await
   | |______________^ cannot infer type

error[E0433]: failed to resolve: use of undeclared type `TenantTypeModel`
  --> src/handlers/directory_types.rs:26:14
   |
26 |         .map(TenantTypeModel::from)
   |              ^^^^^^^^^^^^^^^ use of undeclared type `TenantTypeModel`

error[E0282]: type annotations needed
  --> src/handlers/directory_types.rs:36:26
   |
36 |       let directory_type = directory_type::Entity::find_by_id(directory_type_id)
   |  __________________________^
37 | |         .one(&db)
38 | |         .await
   | |______________^ cannot infer type

error[E0282]: type annotations needed
  --> src/handlers/directory_types.rs:39:19
   |
39 |         .map_err(|err| {
   |                   ^^^
...
42 |                 Json(json!({"error": "Failed to fetch directory type", "details": err.to_string()})),
   |                                                                                   --- type must be known at this point
   |
help: consider giving this closure parameter an explicit type
   |
39 |         .map_err(|err: /* Type */| {
   |                      ++++++++++++

error[E0433]: failed to resolve: use of undeclared type `TenantTypeModel`
  --> src/handlers/directory_types.rs:47:17
   |
47 |         Ok(Json(TenantTypeModel::from(directory_type)))
   |                 ^^^^^^^^^^^^^^^ use of undeclared type `TenantTypeModel`

error[E0282]: type annotations needed
  --> src/handlers/directory_types.rs:65:26
   |
65 |       let directory_type = new_directory_type
   |  __________________________^
66 | |         .insert(&db)
67 | |         .await
   | |______________^ cannot infer type

error[E0433]: failed to resolve: use of undeclared type `TenantTypeModel`
  --> src/handlers/directory_types.rs:73:13
   |
73 |     Ok(Json(TenantTypeModel::from(directory_type)))
   |             ^^^^^^^^^^^^^^^ use of undeclared type `TenantTypeModel`

error[E0282]: type annotations needed
  --> src/handlers/directory_types.rs:81:59
   |
81 |       let mut directory_type: directory_type::ActiveModel = directory_type::Entity::find_by_id(directory_type_id)
   |  ___________________________________________________________^
82 | |         .one(&db)
83 | |         .await
   | |______________^ cannot infer type

error[E0282]: type annotations needed
  --> src/handlers/directory_types.rs:92:34
   |
92 |       let updated_directory_type = directory_type
   |  __________________________________^
93 | |         .update(&db)
94 | |         .await
   | |______________^ cannot infer type

error[E0433]: failed to resolve: use of undeclared type `TenantTypeModel`
  --> src/handlers/directory_types.rs:97:13
   |
97 |     Ok(Json(TenantTypeModel::from(updated_directory_type)))
   |             ^^^^^^^^^^^^^^^ use of undeclared type `TenantTypeModel`

error[E0282]: type annotations needed
   --> src/handlers/directory_types.rs:105:27
    |
105 |       let directory_count = tenant::Entity::find()
    |  ___________________________^
106 | |         .filter(tenant::Column::TenantTypeId.eq(directory_type_id))
107 | |         .count(&db)
108 | |         .await
    | |______________^ cannot infer type

error[E0282]: type annotations needed
   --> src/handlers/directory_types.rs:109:19
    |
109 |         .map_err(|err| {
    |                   ^^^
...
112 |                 Json(json!({"error": "Failed to check for associated directories", "details": err.to_string()})),
    |                                                                                               --- type must be known at this point
    |
help: consider giving this closure parameter an explicit type
    |
109 |         .map_err(|err: /* Type */| {
    |                      ++++++++++++

error[E0599]: no variant or associated item named `TenantTypeId` found for enum `entities::category::Column` in the current scope
   --> src/handlers/directory_types.rs:117:35
    |
117 |         .filter(category::Column::TenantTypeId.eq(directory_type_id))
    |                                   ^^^^^^^^^^^^ variant or associated item not found in `entities::category::Column`
    |
   ::: src/entities/category.rs:6:35
    |
  6 | #[derive(Clone, Debug, PartialEq, DeriveEntityModel, Serialize, Deserialize)]
    |                                   ----------------- variant or associated item `TenantTypeId` not found for this enum
    |
help: there is a variant with a similar name
    |
117 -         .filter(category::Column::TenantTypeId.eq(directory_type_id))
117 +         .filter(category::Column::TenantId.eq(directory_type_id))
    |

error[E0282]: type annotations needed
   --> src/handlers/directory_types.rs:134:18
    |
134 |       let result = directory_type::Entity::delete_by_id(directory_type_id)
    |  __________________^
135 | |         .exec(&db)
136 | |         .await
    | |______________^ cannot infer type

error[E0282]: type annotations needed
   --> src/handlers/directory_types.rs:137:19
    |
137 |         .map_err(|err| {
    |                   ^^^
...
140 |                 Json(json!({"error": "Failed to delete directory type", "details": err.to_string()})),
    |                                                                                    --- type must be known at this point
    |
help: consider giving this closure parameter an explicit type
    |
137 |         .map_err(|err: /* Type */| {
    |                      ++++++++++++

error[E0063]: missing fields `stripe_customer_id` and `stripe_payment_method_id` in initializer of `entities::account::ActiveModel`
  --> src/handlers/profiles.rs:49:35
   |
49 |                 let new_account = account::ActiveModel {
   |                                   ^^^^^^^^^^^^^^^^^^^^ missing `stripe_customer_id` and `stripe_payment_method_id`

error[E0063]: missing fields `stripe_customer_id` and `stripe_payment_method_id` in initializer of `entities::account::ActiveModel`
   --> src/handlers/users.rs:151:35
    |
151 |                 let new_account = account::ActiveModel {
    |                                   ^^^^^^^^^^^^^^^^^^^^ missing `stripe_customer_id` and `stripe_payment_method_id`

error[E0282]: type annotations needed
   --> src/handlers/admin.rs:185:18
    |
185 |     let status = directory_types::delete_directory_type(path, state_db).await.map_err(|e| e.0)?;
    |                  ^^^^^^^^^^^^^^^^^^^^^^^^^^^^^^^^^^^^^^^^^^^^^^^^^^^^^^^^^^^^ cannot infer type

error[E0282]: type annotations needed
   --> src/handlers/admin.rs:208:26
    |
208 |     let directory_type = directory_types::get_directory_type(path, state_db).await.map_err(|e| e.0)?;
    |                          ^^^^^^^^^^^^^^^^^^^^^^^^^^^^^^^^^^^^^^^^^^^^^^^^^^^^^^^^^ cannot infer type

error[E0282]: type annotations needed
   --> src/handlers/admin.rs:324:23
    |
324 |       let directories = tenant::Entity::find()
    |  _______________________^
325 | |         .filter(tenant::Column::Id.is_in(profiles.into_iter().map(|profile| profile.tenant_id)))
326 | |         .all(&db)
327 | |         .await
    | |______________^ cannot infer type

error[E0282]: type annotations needed
   --> src/handlers/admin.rs:410:23
    |
410 |     let directories = tenant::Entity::find().all(&db).await.map_err(|_| StatusCode::INTERNAL_SERVER_ERROR)?;
    |                       ^^^^^^^^^^^^^^^^^^^^^^^^^^^^^^^^^^^^^ cannot infer type

error[E0282]: type annotations needed
   --> src/handlers/admin.rs:452:21
    |
452 |       let directory = tenant::Entity::find_by_id(tenant_id)
    |  _____________________^
453 | |         .one(&db)
454 | |         .await
    | |______________^ cannot infer type

warning: variable does not need to be mutable
   --> src/handlers/admin.rs:816:13
    |
816 |         let mut revenue_data: HashMap<String, f64> = HashMap::new();
    |             ----^^^^^^^^^^^^
    |             |
    |             help: remove this `mut`

error[E0063]: missing fields `stripe_customer_id` and `stripe_payment_method_id` in initializer of `entities::account::ActiveModel`
  --> src/handlers/my_accounts.rs:78:23
   |
78 |     let new_account = account::ActiveModel {
   |                       ^^^^^^^^^^^^^^^^^^^^ missing `stripe_customer_id` and `stripe_payment_method_id`

error[E0282]: type annotations needed
  --> src/services/tenant.rs:17:25
   |
17 |           let directory = tenant::Entity::find_by_id(tenant_id)
   |  _________________________^
18 | |             .one(db)
19 | |             .await
   | |__________________^ cannot infer type

error[E0063]: missing fields `app_type`, `enterprise_database_url`, `matching_domain` and 1 other field in initializer of `SiteConfig`
  --> src/services/tenant.rs:25:22
   |
25 |         let config = SiteConfig {
   |                      ^^^^^^^^^^ missing `app_type`, `enterprise_database_url`, `matching_domain` and 1 other field

error[E0282]: type annotations needed
  --> src/services/tenant.rs:41:25
   |
41 |           let directory = tenant::Entity::find_by_id(tenant_id)
   |  _________________________^
42 | |             .one(db)
43 | |             .await
   | |__________________^ cannot infer type

error[E0609]: no field `domain` on type `SiteConfig`
  --> src/services/tenant.rs:52:48
   |
52 |         directory.domain = sea_orm::Set(config.domain);
   |                                                ^^^^^^ unknown field
   |
   = note: available fields are: `tenant_id`, `name`, `matching_domain`, `app_type`, `enterprise_database_url`, `settings`

error[E0609]: no field `subdomain` on type `SiteConfig`
  --> src/services/tenant.rs:53:51
   |
53 |         directory.subdomain = sea_orm::Set(config.subdomain);
   |                                                   ^^^^^^^^^ unknown field
   |
   = note: available fields are: `tenant_id`, `name`, `matching_domain`, `app_type`, `enterprise_database_url`, `settings`

error[E0609]: no field `custom_domain` on type `SiteConfig`
  --> src/services/tenant.rs:54:55
   |
54 |         directory.custom_domain = sea_orm::Set(config.custom_domain);
   |                                                       ^^^^^^^^^^^^^ unknown field
   |
   = note: available fields are: `tenant_id`, `name`, `matching_domain`, `app_type`, `enterprise_database_url`, `settings`

error[E0609]: no field `enabled_modules` on type `SiteConfig`
  --> src/services/tenant.rs:55:57
   |
55 |         directory.enabled_modules = sea_orm::Set(config.enabled_modules.bits() as i32);
   |                                                         ^^^^^^^^^^^^^^^ unknown field
   |
   = note: available fields are: `tenant_id`, `name`, `matching_domain`, `app_type`, `enterprise_database_url`, `settings`

error[E0609]: no field `theme` on type `SiteConfig`
  --> src/services/tenant.rs:56:47
   |
56 |         directory.theme = sea_orm::Set(config.theme);
   |                                               ^^^^^ unknown field
   |
   = note: available fields are: `tenant_id`, `name`, `matching_domain`, `app_type`, `enterprise_database_url`, `settings`

error[E0609]: no field `custom_settings` on type `SiteConfig`
  --> src/services/tenant.rs:58:47
   |
58 |             Some(serde_json::to_value(&config.custom_settings).unwrap_or_default())
   |                                               ^^^^^^^^^^^^^^^ unknown field
   |
   = note: available fields are: `tenant_id`, `name`, `matching_domain`, `app_type`, `enterprise_database_url`, `settings`

error[E0609]: no field `site_status` on type `SiteConfig`
  --> src/services/tenant.rs:60:53
   |
60 |         directory.site_status = sea_orm::Set(config.site_status.unwrap_or_default());
   |                                                     ^^^^^^^^^^^ unknown field
   |
   = note: available fields are: `tenant_id`, `name`, `matching_domain`, `app_type`, `enterprise_database_url`, `settings`

error[E0282]: type annotations needed
  --> src/services/tenant.rs:63:33
   |
63 |           let updated_directory = directory.update(db)
   |  _________________________________^
64 | |             .await
   | |__________________^ cannot infer type

error[E0282]: type annotations needed
  --> src/services/tenant.rs:86:27
   |
86 |           let directories = query
   |  ___________________________^
87 | |             .all(db)
88 | |             .await
   | |__________________^ cannot infer type

error[E0282]: type annotations needed
   --> src/services/tenant.rs:105:25
    |
105 |           let directory = tenant::Entity::find_by_id(tenant_id)
    |  _________________________^
106 | |             .one(db)
107 | |             .await
    | |__________________^ cannot infer type

error[E0282]: type annotations needed
   --> src/services/tenant.rs:122:25
    |
122 |           let directory = tenant::Entity::find_by_id(tenant_id)
    |  _________________________^
123 | |             .one(db)
124 | |             .await
    | |__________________^ cannot infer type

error[E0282]: type annotations needed
   --> src/services/tenant.rs:132:33
    |
132 |           let updated_directory = active_model
    |  _________________________________^
133 | |             .update(db)
134 | |             .await
    | |__________________^ cannot infer type

error[E0282]: type annotations needed
   --> src/services/tenant.rs:147:25
    |
147 |           let directory = tenant::Entity::find_by_id(tenant_id)
    |  _________________________^
148 | |             .one(db)
149 | |             .await
    | |__________________^ cannot infer type

error[E0282]: type annotations needed
   --> src/services/tenant.rs:161:25
    |
161 |           let directory = tenant::Entity::find_by_id(tenant_id)
    |  _________________________^
162 | |             .one(db)
163 | |             .await
    | |__________________^ cannot infer type

error[E0282]: type annotations needed
   --> src/services/tenant.rs:171:33
    |
171 |           let updated_directory = active_model
    |  _________________________________^
172 | |             .update(db)
173 | |             .await
    | |__________________^ cannot infer type

error[E0282]: type annotations needed
   --> src/services/tenant.rs:183:25
    |
183 |           let directory = tenant::Entity::find_by_id(tenant_id)
    |  _________________________^
184 | |             .one(db)
185 | |             .await
    | |__________________^ cannot infer type

error[E0282]: type annotations needed
   --> src/services/tenant.rs:197:25
    |
197 |           let directory = tenant::Entity::find_by_id(tenant_id)
    |  _________________________^
198 | |             .one(db)
199 | |             .await
    | |__________________^ cannot infer type

error[E0282]: type annotations needed
   --> src/services/tenant.rs:207:33
    |
207 |           let updated_directory = active_model
    |  _________________________________^
208 | |             .update(db)
209 | |             .await
    | |__________________^ cannot infer type

error[E0282]: type annotations needed
   --> src/services/tenant.rs:237:97
    |
237 |             custom_settings.insert("deployment_strategy".to_string(), serde_json::Value::String(strategy.clone()));
    |                                                                                                 ^^^^^^^^ cannot infer type

error[E0282]: type annotations needed
   --> src/services/tenant.rs:266:25
    |
266 |           let directory = new_directory
    |  _________________________^
267 | |             .insert(db)
268 | |             .await
    | |__________________^ cannot infer type

error[E0282]: type annotations needed
   --> src/services/tenant.rs:279:25
    |
279 |           let directory = tenant::Entity::find_by_id(tenant_id)
    |  _________________________^
280 | |             .one(db)
281 | |             .await
    | |__________________^ cannot infer type

error[E0282]: type annotations needed
   --> src/services/tenant.rs:301:33
    |
301 |           let updated_directory = active_directory
    |  _________________________________^
302 | |             .update(db)
303 | |             .await
    | |__________________^ cannot infer type

error[E0282]: type annotations needed
   --> src/services/tenant.rs:313:9
    |
313 | /         tenant::Entity::delete_by_id(tenant_id)
314 | |             .exec(db)
315 | |             .await
    | |__________________^ cannot infer type

error[E0282]: type annotations needed
   --> src/services/tenant.rs:325:25
    |
325 |           let directory = tenant::Entity::find_by_id(tenant_id)
    |  _________________________^
326 | |             .one(db)
327 | |             .await
    | |__________________^ cannot infer type

error[E0282]: type annotations needed
   --> src/services/tenant.rs:337:25
    |
337 |           let directory = tenant::Entity::find()
    |  _________________________^
338 | |             .filter(
339 | |                 sea_orm::Condition::any()
340 | |                     .add(tenant::Column::Domain.eq(domain))
...   |
344 | |             .one(db)
345 | |             .await
    | |__________________^ cannot infer type

error[E0282]: type annotations needed
   --> src/services/tenant.rs:355:27
    |
355 |           let directories = tenant::Entity::find()
    |  ___________________________^
356 | |             .filter(tenant::Column::TenantTypeId.eq(directory_type_id))
357 | |             .all(db)
358 | |             .await
    | |__________________^ cannot infer type

error[E0038]: the trait `TelephonyProvider` is not dyn compatible
  --> src/services/telephony/factory.rs:8:47
   |
 8 | pub fn get_telephony_provider() -> Result<Box<dyn TelephonyProvider>> {
   |                                               ^^^^^^^^^^^^^^^^^^^^^ `TelephonyProvider` is not dyn compatible
   |
note: for a trait to be dyn compatible it needs to allow building a vtable
      for more information, visit <https://doc.rust-lang.org/reference/items/traits.html#dyn-compatibility>
  --> src/traits/telephony.rs:34:14
   |
32 | pub trait TelephonyProvider: Send + Sync {
   |           ----------------- this trait is not dyn compatible...
33 |     /// Provision a new phone number based on a specific area code
34 |     async fn provision_number(&self, area_code: &str) -> Result<PhoneNumber>;
   |              ^^^^^^^^^^^^^^^^ ...because method `provision_number` is `async`
...
37 |     async fn send_sms(&self, to: &str, body: &str) -> Result<()>;
   |              ^^^^^^^^ ...because method `send_sms` is `async`
...
40 |     async fn get_call_logs(&self, number: &str, since: DateTime<Utc>) -> Result<Vec<CallLog>>;
   |              ^^^^^^^^^^^^^ ...because method `get_call_logs` is `async`
   = help: consider moving `provision_number` to another trait
   = help: consider moving `send_sms` to another trait
   = help: consider moving `get_call_logs` to another trait
   = help: the following types implement `TelephonyProvider`:
             services::telephony::telnyx::TelnyxAdapter
             services::telephony::twilio::TwilioAdapter
           consider defining an enum where each variant holds one of these types,
           implementing `TelephonyProvider` for this new enum and using it instead
   = note: `TelephonyProvider` may be implemented in other crates; if you want to support your users passing their own types here, you can't refer to a specific type

error[E0599]: no variant or associated item named `TenantTypeId` found for enum `entities::category::Column` in the current scope
  --> src/entities/category.rs:39:31
   |
 6 | #[derive(Clone, Debug, PartialEq, DeriveEntityModel, Serialize, Deserialize)]
   |                                   ----------------- variant or associated item `TenantTypeId` not found for this enum
...
39 |                 .from(Column::TenantTypeId)
   |                               ^^^^^^^^^^^^ variant or associated item not found in `entities::category::Column`
   |
help: there is a variant with a similar name
   |
39 -                 .from(Column::TenantTypeId)
39 +                 .from(Column::TenantId)
   |

error[E0433]: failed to resolve: use of undeclared type `Directory`
  --> src/migration/m20230914_create_directories_table.rs:12:28
   |
12 |                     .table(Directory::Table)
   |                            ^^^^^^^^^ use of undeclared type `Directory`

error[E0433]: failed to resolve: use of undeclared type `Directory`
  --> src/migration/m20230914_create_directories_table.rs:14:41
   |
14 |                     .col(ColumnDef::new(Directory::Id).uuid().not_null().primary_key())
   |                                         ^^^^^^^^^ use of undeclared type `Directory`

error[E0433]: failed to resolve: use of undeclared type `Directory`
  --> src/migration/m20230914_create_directories_table.rs:15:41
   |
15 |                     .col(ColumnDef::new(Directory::TenantTypeId).uuid().not_null())
   |                                         ^^^^^^^^^ use of undeclared type `Directory`

error[E0433]: failed to resolve: use of undeclared type `Directory`
  --> src/migration/m20230914_create_directories_table.rs:16:41
   |
16 |                     .col(ColumnDef::new(Directory::Name).string().not_null())
   |                                         ^^^^^^^^^ use of undeclared type `Directory`

error[E0433]: failed to resolve: use of undeclared type `Directory`
  --> src/migration/m20230914_create_directories_table.rs:17:41
   |
17 |                     .col(ColumnDef::new(Directory::Domain).string().not_null())
   |                                         ^^^^^^^^^ use of undeclared type `Directory`

error[E0433]: failed to resolve: use of undeclared type `Directory`
  --> src/migration/m20230914_create_directories_table.rs:18:41
   |
18 |                     .col(ColumnDef::new(Directory::Description).string().not_null())
   |                                         ^^^^^^^^^ use of undeclared type `Directory`

error[E0433]: failed to resolve: use of undeclared type `Directory`
  --> src/migration/m20230914_create_directories_table.rs:19:41
   |
19 |                     .col(ColumnDef::new(Directory::CreatedAt).timestamp_with_time_zone().not_null())
   |                                         ^^^^^^^^^ use of undeclared type `Directory`

error[E0433]: failed to resolve: use of undeclared type `Directory`
  --> src/migration/m20230914_create_directories_table.rs:20:41
   |
20 |                     .col(ColumnDef::new(Directory::UpdatedAt).timestamp_with_time_zone().not_null())
   |                                         ^^^^^^^^^ use of undeclared type `Directory`

error[E0433]: failed to resolve: use of undeclared type `Directory`
  --> src/migration/m20230914_create_directories_table.rs:23:31
   |
23 |                         .from(Directory::Table, Directory::TenantTypeId)
   |                               ^^^^^^^^^ use of undeclared type `Directory`

error[E0433]: failed to resolve: use of undeclared type `Directory`
  --> src/migration/m20230914_create_directories_table.rs:23:49
   |
23 |                         .from(Directory::Table, Directory::TenantTypeId)
   |                                                 ^^^^^^^^^ use of undeclared type `Directory`

error[E0433]: failed to resolve: use of undeclared type `Directory`
  --> src/migration/m20230914_create_directories_table.rs:32:45
   |
32 |             .drop_table(Table::drop().table(Directory::Table).to_owned())
   |                                             ^^^^^^^^^ use of undeclared type `Directory`

error[E0433]: failed to resolve: use of undeclared type `Directory`
  --> src/migration/m20230915_create_profiles_table.rs:35:29
   |
35 |                         .to(Directory::Table, Directory::Id))
   |                             ^^^^^^^^^ use of undeclared type `Directory`

error[E0433]: failed to resolve: use of undeclared type `Directory`
  --> src/migration/m20230915_create_profiles_table.rs:35:47
   |
35 |                         .to(Directory::Table, Directory::Id))
   |                                               ^^^^^^^^^ use of undeclared type `Directory`

error[E0433]: failed to resolve: use of undeclared type `Directory`
  --> src/migration/m20230917_create_templates_table.rs:26:29
   |
26 |                         .to(Directory::Table, Directory::Id))
   |                             ^^^^^^^^^ use of undeclared type `Directory`

error[E0433]: failed to resolve: use of undeclared type `Directory`
  --> src/migration/m20230917_create_templates_table.rs:26:47
   |
26 |                         .to(Directory::Table, Directory::Id))
   |                                               ^^^^^^^^^ use of undeclared type `Directory`

error[E0433]: failed to resolve: use of undeclared type `Directory`
  --> src/migration/m20230918_create_listings_table.rs:45:29
   |
45 |                         .to(Directory::Table, Directory::Id))
   |                             ^^^^^^^^^ use of undeclared type `Directory`

error[E0433]: failed to resolve: use of undeclared type `Directory`
  --> src/migration/m20230918_create_listings_table.rs:45:47
   |
45 |                         .to(Directory::Table, Directory::Id))
   |                                               ^^^^^^^^^ use of undeclared type `Directory`

error[E0433]: failed to resolve: use of undeclared type `Directory`
  --> src/migration/m20240923_create_feed_tables.rs:30:33
   |
30 | ...                   .to(Directory::Table, Directory::Id)
   |                           ^^^^^^^^^ use of undeclared type `Directory`

error[E0433]: failed to resolve: use of undeclared type `Directory`
  --> src/migration/m20240923_create_feed_tables.rs:30:51
   |
30 | ...                   .to(Directory::Table, Directory::Id)
   |                                             ^^^^^^^^^ use of undeclared type `Directory`

error[E0433]: failed to resolve: use of undeclared type `Directory`
  --> src/migration/m20240924_update_directory_multisite_fields.rs:13:28
   |
13 |                     .table(Directory::Table)
   |                            ^^^^^^^^^ use of undeclared type `Directory`

error[E0433]: failed to resolve: use of undeclared type `Directory`
  --> src/migration/m20240924_update_directory_multisite_fields.rs:15:40
   |
15 |                         ColumnDef::new(Directory::EnabledModules)
   |                                        ^^^^^^^^^ use of undeclared type `Directory`

error[E0433]: failed to resolve: use of undeclared type `Directory`
  --> src/migration/m20240924_update_directory_multisite_fields.rs:21:40
   |
21 |                         ColumnDef::new(Directory::Theme)
   |                                        ^^^^^^^^^ use of undeclared type `Directory`

error[E0433]: failed to resolve: use of undeclared type `Directory`
  --> src/migration/m20240924_update_directory_multisite_fields.rs:26:40
   |
26 |                         ColumnDef::new(Directory::CustomSettings)
   |                                        ^^^^^^^^^ use of undeclared type `Directory`

error[E0433]: failed to resolve: use of undeclared type `Directory`
  --> src/migration/m20240924_update_directory_multisite_fields.rs:31:40
   |
31 |                         ColumnDef::new(Directory::SiteStatus)
   |                                        ^^^^^^^^^ use of undeclared type `Directory`

error[E0433]: failed to resolve: use of undeclared type `Directory`
  --> src/migration/m20240924_update_directory_multisite_fields.rs:46:28
   |
46 |                     .table(Directory::Table)
   |                            ^^^^^^^^^ use of undeclared type `Directory`

error[E0433]: failed to resolve: use of undeclared type `Directory`
  --> src/migration/m20240924_update_directory_multisite_fields.rs:47:34
   |
47 |                     .drop_column(Directory::EnabledModules)
   |                                  ^^^^^^^^^ use of undeclared type `Directory`

error[E0433]: failed to resolve: use of undeclared type `Directory`
  --> src/migration/m20240924_update_directory_multisite_fields.rs:48:34
   |
48 |                     .drop_column(Directory::Theme)
   |                                  ^^^^^^^^^ use of undeclared type `Directory`

error[E0433]: failed to resolve: use of undeclared type `Directory`
  --> src/migration/m20240924_update_directory_multisite_fields.rs:49:34
   |
49 |                     .drop_column(Directory::CustomSettings)
   |                                  ^^^^^^^^^ use of undeclared type `Directory`

error[E0433]: failed to resolve: use of undeclared type `Directory`
  --> src/migration/m20240924_update_directory_multisite_fields.rs:50:34
   |
50 |                     .drop_column(Directory::SiteStatus)
   |                                  ^^^^^^^^^ use of undeclared type `Directory`

error[E0433]: failed to resolve: use of undeclared type `Directory`
  --> src/migration/m20240315_add_directory_domain_fields.rs:13:28
   |
13 |                     .table(Directory::Table)
   |                            ^^^^^^^^^ use of undeclared type `Directory`

error[E0433]: failed to resolve: use of undeclared type `Directory`
  --> src/migration/m20240315_add_directory_domain_fields.rs:15:40
   |
15 |                         ColumnDef::new(Directory::Subdomain)
   |                                        ^^^^^^^^^ use of undeclared type `Directory`

error[E0433]: failed to resolve: use of undeclared type `Directory`
  --> src/migration/m20240315_add_directory_domain_fields.rs:21:40
   |
21 |                         ColumnDef::new(Directory::CustomDomain)
   |                                        ^^^^^^^^^ use of undeclared type `Directory`

error[E0433]: failed to resolve: use of undeclared type `Directory`
  --> src/migration/m20240315_add_directory_domain_fields.rs:27:40
   |
27 |                         ColumnDef::new(Directory::Logo)
   |                                        ^^^^^^^^^ use of undeclared type `Directory`

error[E0433]: failed to resolve: use of undeclared type `Directory`
  --> src/migration/m20240315_add_directory_domain_fields.rs:32:40
   |
32 |                         ColumnDef::new(Directory::Favicon)
   |                                        ^^^^^^^^^ use of undeclared type `Directory`

error[E0433]: failed to resolve: use of undeclared type `Directory`
  --> src/migration/m20240315_add_directory_domain_fields.rs:37:40
   |
37 |                         ColumnDef::new(Directory::HeaderScripts)
   |                                        ^^^^^^^^^ use of undeclared type `Directory`

error[E0433]: failed to resolve: use of undeclared type `Directory`
  --> src/migration/m20240315_add_directory_domain_fields.rs:42:40
   |
42 |                         ColumnDef::new(Directory::FooterScripts)
   |                                        ^^^^^^^^^ use of undeclared type `Directory`

error[E0433]: failed to resolve: use of undeclared type `Directory`
  --> src/migration/m20240315_add_directory_domain_fields.rs:47:40
   |
47 |                         ColumnDef::new(Directory::GoogleAnalyticsId)
   |                                        ^^^^^^^^^ use of undeclared type `Directory`

error[E0433]: failed to resolve: use of undeclared type `Directory`
  --> src/migration/m20240315_add_directory_domain_fields.rs:52:40
   |
52 |                         ColumnDef::new(Directory::GoogleSiteVerification)
   |                                        ^^^^^^^^^ use of undeclared type `Directory`

error[E0433]: failed to resolve: use of undeclared type `Directory`
  --> src/migration/m20240315_add_directory_domain_fields.rs:57:40
   |
57 |                         ColumnDef::new(Directory::MetaDescription)
   |                                        ^^^^^^^^^ use of undeclared type `Directory`

error[E0433]: failed to resolve: use of undeclared type `Directory`
  --> src/migration/m20240315_add_directory_domain_fields.rs:62:40
   |
62 |                         ColumnDef::new(Directory::MetaKeywords)
   |                                        ^^^^^^^^^ use of undeclared type `Directory`

error[E0433]: failed to resolve: use of undeclared type `Directory`
  --> src/migration/m20240315_add_directory_domain_fields.rs:67:40
   |
67 |                         ColumnDef::new(Directory::MetaTitle)
   |                                        ^^^^^^^^^ use of undeclared type `Directory`

error[E0433]: failed to resolve: use of undeclared type `Directory`
  --> src/migration/m20240315_add_directory_domain_fields.rs:72:40
   |
72 |                         ColumnDef::new(Directory::PageTitle)
   |                                        ^^^^^^^^^ use of undeclared type `Directory`

error[E0433]: failed to resolve: use of undeclared type `Directory`
  --> src/migration/m20240315_add_directory_domain_fields.rs:77:40
   |
77 |                         ColumnDef::new(Directory::PageDescription)
   |                                        ^^^^^^^^^ use of undeclared type `Directory`

error[E0433]: failed to resolve: use of undeclared type `Directory`
  --> src/migration/m20240315_add_directory_domain_fields.rs:82:40
   |
82 |                         ColumnDef::new(Directory::PageKeywords)
   |                                        ^^^^^^^^^ use of undeclared type `Directory`

error[E0433]: failed to resolve: use of undeclared type `Directory`
  --> src/migration/m20240315_add_directory_domain_fields.rs:87:40
   |
87 |                         ColumnDef::new(Directory::CanonicalUrl)
   |                                        ^^^^^^^^^ use of undeclared type `Directory`

error[E0433]: failed to resolve: use of undeclared type `Directory`
   --> src/migration/m20240315_add_directory_domain_fields.rs:101:28
    |
101 |                     .table(Directory::Table)
    |                            ^^^^^^^^^ use of undeclared type `Directory`

error[E0433]: failed to resolve: use of undeclared type `Directory`
   --> src/migration/m20240315_add_directory_domain_fields.rs:102:34
    |
102 |                     .drop_column(Directory::Subdomain)
    |                                  ^^^^^^^^^ use of undeclared type `Directory`

error[E0433]: failed to resolve: use of undeclared type `Directory`
   --> src/migration/m20240315_add_directory_domain_fields.rs:103:34
    |
103 |                     .drop_column(Directory::CustomDomain)
    |                                  ^^^^^^^^^ use of undeclared type `Directory`

error[E0433]: failed to resolve: use of undeclared type `Directory`
   --> src/migration/m20240315_add_directory_domain_fields.rs:104:34
    |
104 |                     .drop_column(Directory::Logo)
    |                                  ^^^^^^^^^ use of undeclared type `Directory`

error[E0433]: failed to resolve: use of undeclared type `Directory`
   --> src/migration/m20240315_add_directory_domain_fields.rs:105:34
    |
105 |                     .drop_column(Directory::Favicon)
    |                                  ^^^^^^^^^ use of undeclared type `Directory`

error[E0433]: failed to resolve: use of undeclared type `Directory`
   --> src/migration/m20240315_add_directory_domain_fields.rs:106:34
    |
106 |                     .drop_column(Directory::HeaderScripts)
    |                                  ^^^^^^^^^ use of undeclared type `Directory`

error[E0433]: failed to resolve: use of undeclared type `Directory`
   --> src/migration/m20240315_add_directory_domain_fields.rs:107:34
    |
107 |                     .drop_column(Directory::FooterScripts)
    |                                  ^^^^^^^^^ use of undeclared type `Directory`

error[E0433]: failed to resolve: use of undeclared type `Directory`
   --> src/migration/m20240315_add_directory_domain_fields.rs:108:34
    |
108 |                     .drop_column(Directory::GoogleAnalyticsId)
    |                                  ^^^^^^^^^ use of undeclared type `Directory`

error[E0433]: failed to resolve: use of undeclared type `Directory`
   --> src/migration/m20240315_add_directory_domain_fields.rs:109:34
    |
109 |                     .drop_column(Directory::GoogleSiteVerification)
    |                                  ^^^^^^^^^ use of undeclared type `Directory`

error[E0433]: failed to resolve: use of undeclared type `Directory`
   --> src/migration/m20240315_add_directory_domain_fields.rs:110:34
    |
110 |                     .drop_column(Directory::MetaDescription)
    |                                  ^^^^^^^^^ use of undeclared type `Directory`

error[E0433]: failed to resolve: use of undeclared type `Directory`
   --> src/migration/m20240315_add_directory_domain_fields.rs:111:34
    |
111 |                     .drop_column(Directory::MetaKeywords)
    |                                  ^^^^^^^^^ use of undeclared type `Directory`

error[E0433]: failed to resolve: use of undeclared type `Directory`
   --> src/migration/m20240315_add_directory_domain_fields.rs:112:34
    |
112 |                     .drop_column(Directory::MetaTitle)
    |                                  ^^^^^^^^^ use of undeclared type `Directory`

error[E0433]: failed to resolve: use of undeclared type `Directory`
   --> src/migration/m20240315_add_directory_domain_fields.rs:113:34
    |
113 |                     .drop_column(Directory::PageTitle)
    |                                  ^^^^^^^^^ use of undeclared type `Directory`

error[E0433]: failed to resolve: use of undeclared type `Directory`
   --> src/migration/m20240315_add_directory_domain_fields.rs:114:34
    |
114 |                     .drop_column(Directory::PageDescription)
    |                                  ^^^^^^^^^ use of undeclared type `Directory`

error[E0433]: failed to resolve: use of undeclared type `Directory`
   --> src/migration/m20240315_add_directory_domain_fields.rs:115:34
    |
115 |                     .drop_column(Directory::PageKeywords)
    |                                  ^^^^^^^^^ use of undeclared type `Directory`

error[E0433]: failed to resolve: use of undeclared type `Directory`
   --> src/migration/m20240315_add_directory_domain_fields.rs:116:34
    |
116 |                     .drop_column(Directory::CanonicalUrl)
    |                                  ^^^^^^^^^ use of undeclared type `Directory`

error[E0063]: missing field `directory_type_id` in initializer of `CategoryModel`
  --> src/models/category.rs:42:9
   |
42 |         Self {
   |         ^^^^ missing `directory_type_id`

error[E0063]: missing fields `custom_domain`, `custom_settings`, `directory_type_id` and 5 other fields in initializer of `DirectoryModel`
  --> src/models/tenant.rs:40:9
   |
40 |         Self {
   |         ^^^^ missing `custom_domain`, `custom_settings`, `directory_type_id` and 5 other fields

error[E0063]: missing fields `custom_domain`, `custom_settings`, `directory_type_id` and 5 other fields in initializer of `DirectoryModel`
  --> src/models/tenant.rs:68:9
   |
68 |         Self {
   |         ^^^^ missing `custom_domain`, `custom_settings`, `directory_type_id` and 5 other fields

error[E0063]: missing field `site_status` in initializer of `entities::tenant::ActiveModel`
   --> src/models/tenant.rs:105:9
    |
105 |         Self {
    |         ^^^^ missing `site_status`

error[E0433]: failed to resolve: use of unresolved module or unlinked crate `tenant`
  --> src/admin/routes.rs:75:73
   |
75 |                 .route("/api/admin/directories/{tenant_id}/config", get(tenant::get_site_config).put(tenant::update_site_config))
   |                                                                         ^^^^^^ use of unresolved module or unlinked crate `tenant`
   |
   = help: if you wanted to use a crate named `tenant`, use `cargo add tenant` to add it to your `Cargo.toml`

error[E0433]: failed to resolve: use of unresolved module or unlinked crate `tenant`
  --> src/admin/routes.rs:75:102
   |
75 |                 .route("/api/admin/directories/{tenant_id}/config", get(tenant::get_site_config).put(tenant::update_site_config))
   |                                                                                                      ^^^^^^ use of unresolved module or unlinked crate `tenant`
   |
   = help: if you wanted to use a crate named `tenant`, use `cargo add tenant` to add it to your `Cargo.toml`

error[E0433]: failed to resolve: use of unresolved module or unlinked crate `tenant`
  --> src/admin/routes.rs:76:74
   |
76 |                 .route("/api/admin/directories/{tenant_id}/modules", get(tenant::get_enabled_modules).put(tenant::update_enabled_modules))
   |                                                                          ^^^^^^ use of unresolved module or unlinked crate `tenant`
   |
   = help: if you wanted to use a crate named `tenant`, use `cargo add tenant` to add it to your `Cargo.toml`

error[E0433]: failed to resolve: use of unresolved module or unlinked crate `tenant`
  --> src/admin/routes.rs:76:107
   |
76 |                 .route("/api/admin/directories/{tenant_id}/modules", get(tenant::get_enabled_modules).put(tenant::update_enabled_modules))
   |                                                                                                           ^^^^^^ use of unresolved module or unlinked crate `tenant`
   |
   = help: if you wanted to use a crate named `tenant`, use `cargo add tenant` to add it to your `Cargo.toml`

error[E0433]: failed to resolve: use of unresolved module or unlinked crate `tenant`
  --> src/admin/routes.rs:77:72
   |
77 |                 .route("/api/admin/directories/{tenant_id}/theme", get(tenant::get_site_theme).put(tenant::update_site_theme))
   |                                                                        ^^^^^^ use of unresolved module or unlinked crate `tenant`
   |
   = help: if you wanted to use a crate named `tenant`, use `cargo add tenant` to add it to your `Cargo.toml`

error[E0433]: failed to resolve: use of unresolved module or unlinked crate `tenant`
  --> src/admin/routes.rs:77:100
   |
77 |                 .route("/api/admin/directories/{tenant_id}/theme", get(tenant::get_site_theme).put(tenant::update_site_theme))
   |                                                                                                    ^^^^^^ use of unresolved module or unlinked crate `tenant`
   |
   = help: if you wanted to use a crate named `tenant`, use `cargo add tenant` to add it to your `Cargo.toml`

error[E0433]: failed to resolve: use of unresolved module or unlinked crate `tenant`
  --> src/admin/routes.rs:78:82
   |
78 | ...   .route("/api/admin/directories/{tenant_id}/custom-settings", get(tenant::get_custom_settings).put(tenant::update_custom_settings))
   |                                                                        ^^^^^^ use of unresolved module or unlinked crate `tenant`
   |
   = help: if you wanted to use a crate named `tenant`, use `cargo add tenant` to add it to your `Cargo.toml`

error[E0433]: failed to resolve: use of unresolved module or unlinked crate `tenant`
  --> src/admin/routes.rs:78:115
   |
78 | ... get(tenant::get_custom_settings).put(tenant::update_custom_settings))
   |                                          ^^^^^^ use of unresolved module or unlinked crate `tenant`
   |
   = help: if you wanted to use a crate named `tenant`, use `cargo add tenant` to add it to your `Cargo.toml`

error[E0038]: the trait `TelephonyProvider` is not dyn compatible
  --> src/services/telephony/factory.rs:13:31
   |
13 |               let account_sid = env::var("TWILIO_ACCOUNT_SID")
   |  _______________________________^
14 | |                 .map_err(|_| anyhow!("Missing TWILIO_ACCOUNT_SID environment variable"))?;
   | |_________________________________________________________________________________________^ `TelephonyProvider` is not dyn compatible
   |
note: for a trait to be dyn compatible it needs to allow building a vtable
      for more information, visit <https://doc.rust-lang.org/reference/items/traits.html#dyn-compatibility>
  --> src/traits/telephony.rs:34:14
   |
32 | pub trait TelephonyProvider: Send + Sync {
   |           ----------------- this trait is not dyn compatible...
33 |     /// Provision a new phone number based on a specific area code
34 |     async fn provision_number(&self, area_code: &str) -> Result<PhoneNumber>;
   |              ^^^^^^^^^^^^^^^^ ...because method `provision_number` is `async`
...
37 |     async fn send_sms(&self, to: &str, body: &str) -> Result<()>;
   |              ^^^^^^^^ ...because method `send_sms` is `async`
...
40 |     async fn get_call_logs(&self, number: &str, since: DateTime<Utc>) -> Result<Vec<CallLog>>;
   |              ^^^^^^^^^^^^^ ...because method `get_call_logs` is `async`
   = help: consider moving `provision_number` to another trait
   = help: consider moving `send_sms` to another trait
   = help: consider moving `get_call_logs` to another trait
   = help: the following types implement `TelephonyProvider`:
             services::telephony::telnyx::TelnyxAdapter
             services::telephony::twilio::TwilioAdapter
           consider defining an enum where each variant holds one of these types,
           implementing `TelephonyProvider` for this new enum and using it instead
   = note: `TelephonyProvider` may be implemented in other crates; if you want to support your users passing their own types here, you can't refer to a specific type

error[E0038]: the trait `TelephonyProvider` is not dyn compatible
  --> src/services/telephony/factory.rs:15:30
   |
15 |               let auth_token = env::var("TWILIO_AUTH_TOKEN")
   |  ______________________________^
16 | |                 .map_err(|_| anyhow!("Missing TWILIO_AUTH_TOKEN environment variable"))?;
   | |________________________________________________________________________________________^ `TelephonyProvider` is not dyn compatible
   |
note: for a trait to be dyn compatible it needs to allow building a vtable
      for more information, visit <https://doc.rust-lang.org/reference/items/traits.html#dyn-compatibility>
  --> src/traits/telephony.rs:34:14
   |
32 | pub trait TelephonyProvider: Send + Sync {
   |           ----------------- this trait is not dyn compatible...
33 |     /// Provision a new phone number based on a specific area code
34 |     async fn provision_number(&self, area_code: &str) -> Result<PhoneNumber>;
   |              ^^^^^^^^^^^^^^^^ ...because method `provision_number` is `async`
...
37 |     async fn send_sms(&self, to: &str, body: &str) -> Result<()>;
   |              ^^^^^^^^ ...because method `send_sms` is `async`
...
40 |     async fn get_call_logs(&self, number: &str, since: DateTime<Utc>) -> Result<Vec<CallLog>>;
   |              ^^^^^^^^^^^^^ ...because method `get_call_logs` is `async`
   = help: consider moving `provision_number` to another trait
   = help: consider moving `send_sms` to another trait
   = help: consider moving `get_call_logs` to another trait
   = help: the following types implement `TelephonyProvider`:
             services::telephony::telnyx::TelnyxAdapter
             services::telephony::twilio::TwilioAdapter
           consider defining an enum where each variant holds one of these types,
           implementing `TelephonyProvider` for this new enum and using it instead
   = note: `TelephonyProvider` may be implemented in other crates; if you want to support your users passing their own types here, you can't refer to a specific type

error[E0038]: the trait `TelephonyProvider` is not dyn compatible
  --> src/services/telephony/factory.rs:18:13
   |
18 |             Ok(Box::new(TwilioAdapter::new(account_sid, auth_token)))
   |             ^^ `TelephonyProvider` is not dyn compatible
   |
note: for a trait to be dyn compatible it needs to allow building a vtable
      for more information, visit <https://doc.rust-lang.org/reference/items/traits.html#dyn-compatibility>
  --> src/traits/telephony.rs:34:14
   |
32 | pub trait TelephonyProvider: Send + Sync {
   |           ----------------- this trait is not dyn compatible...
33 |     /// Provision a new phone number based on a specific area code
34 |     async fn provision_number(&self, area_code: &str) -> Result<PhoneNumber>;
   |              ^^^^^^^^^^^^^^^^ ...because method `provision_number` is `async`
...
37 |     async fn send_sms(&self, to: &str, body: &str) -> Result<()>;
   |              ^^^^^^^^ ...because method `send_sms` is `async`
...
40 |     async fn get_call_logs(&self, number: &str, since: DateTime<Utc>) -> Result<Vec<CallLog>>;
   |              ^^^^^^^^^^^^^ ...because method `get_call_logs` is `async`
   = help: consider moving `provision_number` to another trait
   = help: consider moving `send_sms` to another trait
   = help: consider moving `get_call_logs` to another trait
   = help: the following types implement `TelephonyProvider`:
             services::telephony::telnyx::TelnyxAdapter
             services::telephony::twilio::TwilioAdapter
           consider defining an enum where each variant holds one of these types,
           implementing `TelephonyProvider` for this new enum and using it instead
   = note: `TelephonyProvider` may be implemented in other crates; if you want to support your users passing their own types here, you can't refer to a specific type

error[E0038]: the trait `TelephonyProvider` is not dyn compatible
  --> src/services/telephony/factory.rs:18:13
   |
18 |             Ok(Box::new(TwilioAdapter::new(account_sid, auth_token)))
   |             ^^^^^^^^^^^^^^^^^^^^^^^^^^^^^^^^^^^^^^^^^^^^^^^^^^^^^^^^^ `TelephonyProvider` is not dyn compatible
   |
note: for a trait to be dyn compatible it needs to allow building a vtable
      for more information, visit <https://doc.rust-lang.org/reference/items/traits.html#dyn-compatibility>
  --> src/traits/telephony.rs:34:14
   |
32 | pub trait TelephonyProvider: Send + Sync {
   |           ----------------- this trait is not dyn compatible...
33 |     /// Provision a new phone number based on a specific area code
34 |     async fn provision_number(&self, area_code: &str) -> Result<PhoneNumber>;
   |              ^^^^^^^^^^^^^^^^ ...because method `provision_number` is `async`
...
37 |     async fn send_sms(&self, to: &str, body: &str) -> Result<()>;
   |              ^^^^^^^^ ...because method `send_sms` is `async`
...
40 |     async fn get_call_logs(&self, number: &str, since: DateTime<Utc>) -> Result<Vec<CallLog>>;
   |              ^^^^^^^^^^^^^ ...because method `get_call_logs` is `async`
   = help: consider moving `provision_number` to another trait
   = help: consider moving `send_sms` to another trait
   = help: consider moving `get_call_logs` to another trait
   = help: the following types implement `TelephonyProvider`:
             services::telephony::telnyx::TelnyxAdapter
             services::telephony::twilio::TwilioAdapter
           consider defining an enum where each variant holds one of these types,
           implementing `TelephonyProvider` for this new enum and using it instead
   = note: `TelephonyProvider` may be implemented in other crates; if you want to support your users passing their own types here, you can't refer to a specific type

error[E0038]: the trait `TelephonyProvider` is not dyn compatible
  --> src/services/telephony/factory.rs:21:27
   |
21 |               let api_key = env::var("TELNYX_API_KEY")
   |  ___________________________^
22 | |                 .map_err(|_| anyhow!("Missing TELNYX_API_KEY environment variable"))?;
   | |_____________________________________________________________________________________^ `TelephonyProvider` is not dyn compatible
   |
note: for a trait to be dyn compatible it needs to allow building a vtable
      for more information, visit <https://doc.rust-lang.org/reference/items/traits.html#dyn-compatibility>
  --> src/traits/telephony.rs:34:14
   |
32 | pub trait TelephonyProvider: Send + Sync {
   |           ----------------- this trait is not dyn compatible...
33 |     /// Provision a new phone number based on a specific area code
34 |     async fn provision_number(&self, area_code: &str) -> Result<PhoneNumber>;
   |              ^^^^^^^^^^^^^^^^ ...because method `provision_number` is `async`
...
37 |     async fn send_sms(&self, to: &str, body: &str) -> Result<()>;
   |              ^^^^^^^^ ...because method `send_sms` is `async`
...
40 |     async fn get_call_logs(&self, number: &str, since: DateTime<Utc>) -> Result<Vec<CallLog>>;
   |              ^^^^^^^^^^^^^ ...because method `get_call_logs` is `async`
   = help: consider moving `provision_number` to another trait
   = help: consider moving `send_sms` to another trait
   = help: consider moving `get_call_logs` to another trait
   = help: the following types implement `TelephonyProvider`:
             services::telephony::telnyx::TelnyxAdapter
             services::telephony::twilio::TwilioAdapter
           consider defining an enum where each variant holds one of these types,
           implementing `TelephonyProvider` for this new enum and using it instead
   = note: `TelephonyProvider` may be implemented in other crates; if you want to support your users passing their own types here, you can't refer to a specific type

error[E0038]: the trait `TelephonyProvider` is not dyn compatible
  --> src/services/telephony/factory.rs:24:13
   |
24 |             Ok(Box::new(TelnyxAdapter::new(api_key)))
   |             ^^ `TelephonyProvider` is not dyn compatible
   |
note: for a trait to be dyn compatible it needs to allow building a vtable
      for more information, visit <https://doc.rust-lang.org/reference/items/traits.html#dyn-compatibility>
  --> src/traits/telephony.rs:34:14
   |
32 | pub trait TelephonyProvider: Send + Sync {
   |           ----------------- this trait is not dyn compatible...
33 |     /// Provision a new phone number based on a specific area code
34 |     async fn provision_number(&self, area_code: &str) -> Result<PhoneNumber>;
   |              ^^^^^^^^^^^^^^^^ ...because method `provision_number` is `async`
...
37 |     async fn send_sms(&self, to: &str, body: &str) -> Result<()>;
   |              ^^^^^^^^ ...because method `send_sms` is `async`
...
40 |     async fn get_call_logs(&self, number: &str, since: DateTime<Utc>) -> Result<Vec<CallLog>>;
   |              ^^^^^^^^^^^^^ ...because method `get_call_logs` is `async`
   = help: consider moving `provision_number` to another trait
   = help: consider moving `send_sms` to another trait
   = help: consider moving `get_call_logs` to another trait
   = help: the following types implement `TelephonyProvider`:
             services::telephony::telnyx::TelnyxAdapter
             services::telephony::twilio::TwilioAdapter
           consider defining an enum where each variant holds one of these types,
           implementing `TelephonyProvider` for this new enum and using it instead
   = note: `TelephonyProvider` may be implemented in other crates; if you want to support your users passing their own types here, you can't refer to a specific type

error[E0038]: the trait `TelephonyProvider` is not dyn compatible
  --> src/services/telephony/factory.rs:24:13
   |
24 |             Ok(Box::new(TelnyxAdapter::new(api_key)))
   |             ^^^^^^^^^^^^^^^^^^^^^^^^^^^^^^^^^^^^^^^^^ `TelephonyProvider` is not dyn compatible
   |
note: for a trait to be dyn compatible it needs to allow building a vtable
      for more information, visit <https://doc.rust-lang.org/reference/items/traits.html#dyn-compatibility>
  --> src/traits/telephony.rs:34:14
   |
32 | pub trait TelephonyProvider: Send + Sync {
   |           ----------------- this trait is not dyn compatible...
33 |     /// Provision a new phone number based on a specific area code
34 |     async fn provision_number(&self, area_code: &str) -> Result<PhoneNumber>;
   |              ^^^^^^^^^^^^^^^^ ...because method `provision_number` is `async`
...
37 |     async fn send_sms(&self, to: &str, body: &str) -> Result<()>;
   |              ^^^^^^^^ ...because method `send_sms` is `async`
...
40 |     async fn get_call_logs(&self, number: &str, since: DateTime<Utc>) -> Result<Vec<CallLog>>;
   |              ^^^^^^^^^^^^^ ...because method `get_call_logs` is `async`
   = help: consider moving `provision_number` to another trait
   = help: consider moving `send_sms` to another trait
   = help: consider moving `get_call_logs` to another trait
   = help: the following types implement `TelephonyProvider`:
             services::telephony::telnyx::TelnyxAdapter
             services::telephony::twilio::TwilioAdapter
           consider defining an enum where each variant holds one of these types,
           implementing `TelephonyProvider` for this new enum and using it instead
   = note: `TelephonyProvider` may be implemented in other crates; if you want to support your users passing their own types here, you can't refer to a specific type

error[E0038]: the trait `TelephonyProvider` is not dyn compatible
  --> src/services/telephony/factory.rs:26:14
   |
26 |         _ => Err(anyhow!("Unsupported configured telephony provider: {}", provider_name)),
   |              ^^^ `TelephonyProvider` is not dyn compatible
   |
note: for a trait to be dyn compatible it needs to allow building a vtable
      for more information, visit <https://doc.rust-lang.org/reference/items/traits.html#dyn-compatibility>
  --> src/traits/telephony.rs:34:14
   |
32 | pub trait TelephonyProvider: Send + Sync {
   |           ----------------- this trait is not dyn compatible...
33 |     /// Provision a new phone number based on a specific area code
34 |     async fn provision_number(&self, area_code: &str) -> Result<PhoneNumber>;
   |              ^^^^^^^^^^^^^^^^ ...because method `provision_number` is `async`
...
37 |     async fn send_sms(&self, to: &str, body: &str) -> Result<()>;
   |              ^^^^^^^^ ...because method `send_sms` is `async`
...
40 |     async fn get_call_logs(&self, number: &str, since: DateTime<Utc>) -> Result<Vec<CallLog>>;
   |              ^^^^^^^^^^^^^ ...because method `get_call_logs` is `async`
   = help: consider moving `provision_number` to another trait
   = help: consider moving `send_sms` to another trait
   = help: consider moving `get_call_logs` to another trait
   = help: the following types implement `TelephonyProvider`:
             services::telephony::telnyx::TelnyxAdapter
             services::telephony::twilio::TwilioAdapter
           consider defining an enum where each variant holds one of these types,
           implementing `TelephonyProvider` for this new enum and using it instead
   = note: `TelephonyProvider` may be implemented in other crates; if you want to support your users passing their own types here, you can't refer to a specific type

warning: unused import: `crate::traits::file::FileAssociable`
 --> src/models/activity.rs:7:5
  |
7 | use crate::traits::file::FileAssociable;
  |     ^^^^^^^^^^^^^^^^^^^^^^^^^^^^^^^^^^^

warning: unused import: `ActiveModelTrait`
 --> src/models/listing.rs:6:37
  |
6 | use sea_orm::{IntoActiveModel, Set, ActiveModelTrait};
  |                                     ^^^^^^^^^^^^^^^^

warning: unused import: `sea_orm::prelude`
 --> src/models/template.rs:7:5
  |
7 | use sea_orm::prelude::*;
  |     ^^^^^^^^^^^^^^^^

warning: unused import: `ModelTrait`
  --> src/handlers/customers.rs:10:23
   |
10 |     ActiveModelTrait, ModelTrait, PaginatorTrait,ActiveValue, Value
   |                       ^^^^^^^^^^

warning: unused import: `ModelTrait`
  --> src/handlers/ad_purchases.rs:12:23
   |
12 |     ActiveModelTrait, ModelTrait,
   |                       ^^^^^^^^^^

warning: unused import: `ModelTrait`
  --> src/handlers/accounts.rs:10:37
   |
10 |     InsertResult, ActiveModelTrait, ModelTrait,
   |                                     ^^^^^^^^^^

warning: unused import: `futures::TryFutureExt`
  --> src/handlers/templates.rs:13:5
   |
13 | use futures::TryFutureExt;
   |     ^^^^^^^^^^^^^^^^^^^^^

warning: unused import: `ActiveModelTrait`
 --> src/handlers/auth_frontend.rs:8:79
  |
8 | use sea_orm::{DatabaseConnection, EntityTrait, QueryFilter, ColumnTrait, Set, ActiveModelTrait};
  |                                                                               ^^^^^^^^^^^^^^^^

warning: unused variable: `token_data`
   --> src/auth.rs:267:12
    |
267 |         Ok(token_data) => {
    |            ^^^^^^^^^^ help: if this is intentional, prefix it with an underscore: `_token_data`
    |
    = note: `#[warn(unused_variables)]` (part of `#[warn(unused)]`) on by default

warning: unused variable: `req_info`
   --> src/middleware/middleware.rs:149:21
    |
149 |                 let req_info = RequestInfo::from_parts(&parts);
    |                     ^^^^^^^^ help: if this is intentional, prefix it with an underscore: `_req_info`

warning: value assigned to `current_count` is never read
  --> src/middleware/rate_limiter.rs:33:33
   |
33 |         let mut current_count = 0;
   |                                 ^
   |
   = help: maybe it is overwritten before being read?
   = note: `#[warn(unused_assignments)]` (part of `#[warn(unused)]`) on by default

warning: unused variable: `domain_model`
  --> src/middleware/site_context.rs:61:18
   |
61 |             let (domain_model, app_inst_opt) = match db_result {
   |                  ^^^^^^^^^^^^ help: if this is intentional, prefix it with an underscore: `_domain_model`

warning: unused variable: `current_user`
   --> src/handlers/cases.rs:129:15
    |
129 |     Extension(current_user): Extension<user::Model>,
    |               ^^^^^^^^^^^^ help: if this is intentional, prefix it with an underscore: `_current_user`

warning: unused variable: `current_user`
   --> src/handlers/cases.rs:207:15
    |
207 |     Extension(current_user): Extension<user::Model>,
    |               ^^^^^^^^^^^^ help: if this is intentional, prefix it with an underscore: `_current_user`

warning: unused variable: `current_user`
   --> src/handlers/cases.rs:225:15
    |
225 |     Extension(current_user): Extension<user::Model>,
    |               ^^^^^^^^^^^^ help: if this is intentional, prefix it with an underscore: `_current_user`

warning: unused variable: `current_user`
  --> src/handlers/customers.rs:47:15
   |
47 |     Extension(current_user): Extension<user::Model>,
   |               ^^^^^^^^^^^^ help: if this is intentional, prefix it with an underscore: `_current_user`

warning: unused variable: `current_user`
   --> src/handlers/customers.rs:123:15
    |
123 |     Extension(current_user): Extension<user::Model>,
    |               ^^^^^^^^^^^^ help: if this is intentional, prefix it with an underscore: `_current_user`

warning: unused variable: `current_user`
   --> src/handlers/customers.rs:155:15
    |
155 |     Extension(current_user): Extension<user::Model>,
    |               ^^^^^^^^^^^^ help: if this is intentional, prefix it with an underscore: `_current_user`

warning: unused variable: `current_user`
   --> src/handlers/customers.rs:173:15
    |
173 |     Extension(current_user): Extension<user::Model>,
    |               ^^^^^^^^^^^^ help: if this is intentional, prefix it with an underscore: `_current_user`

warning: unused variable: `current_user`
   --> src/handlers/customers.rs:278:15
    |
278 |     Extension(current_user): Extension<user::Model>,
    |               ^^^^^^^^^^^^ help: if this is intentional, prefix it with an underscore: `_current_user`

warning: unused variable: `current_user`
   --> src/handlers/customers.rs:298:15
    |
298 |     Extension(current_user): Extension<user::Model>,
    |               ^^^^^^^^^^^^ help: if this is intentional, prefix it with an underscore: `_current_user`

warning: unused variable: `current_user`
   --> src/handlers/customers.rs:322:15
    |
322 |     Extension(current_user): Extension<user::Model>,
    |               ^^^^^^^^^^^^ help: if this is intentional, prefix it with an underscore: `_current_user`

warning: unused variable: `account_response`
   --> src/handlers/accounts.rs:158:17
    |
158 |             let account_response = AccountResponse {
    |                 ^^^^^^^^^^^^^^^^ help: if this is intentional, prefix it with an underscore: `_account_response`

warning: unused variable: `current_user`
   --> src/handlers/admin.rs:214:15
    |
214 |     Extension(current_user): Extension<user::Model>,
    |               ^^^^^^^^^^^^ help: if this is intentional, prefix it with an underscore: `_current_user`

warning: unused variable: `current_session`
   --> src/handlers/admin.rs:215:15
    |
215 |     Extension(current_session): Extension<session::Model>,
    |               ^^^^^^^^^^^^^^^ help: if this is intentional, prefix it with an underscore: `_current_session`

warning: unused variable: `tenant_id`
   --> src/handlers/admin.rs:216:10
    |
216 |     Path(tenant_id): Path<Uuid>,
    |          ^^^^^^^^^ help: if this is intentional, prefix it with an underscore: `_tenant_id`

warning: unused variable: `current_user`
   --> src/handlers/admin.rs:228:15
    |
228 |     Extension(current_user): Extension<user::Model>,
    |               ^^^^^^^^^^^^ help: if this is intentional, prefix it with an underscore: `_current_user`

warning: unused variable: `current_session`
   --> src/handlers/admin.rs:229:15
    |
229 |     Extension(current_session): Extension<session::Model>,
    |               ^^^^^^^^^^^^^^^ help: if this is intentional, prefix it with an underscore: `_current_session`

warning: unused variable: `current_user`
   --> src/handlers/admin.rs:241:15
    |
241 |     Extension(current_user): Extension<user::Model>,
    |               ^^^^^^^^^^^^ help: if this is intentional, prefix it with an underscore: `_current_user`

warning: unused variable: `current_session`
   --> src/handlers/admin.rs:242:15
    |
242 |     Extension(current_session): Extension<session::Model>,
    |               ^^^^^^^^^^^^^^^ help: if this is intentional, prefix it with an underscore: `_current_session`

warning: unused variable: `current_user`
   --> src/handlers/admin.rs:344:15
    |
344 |     Extension(current_user): Extension<user::Model>,
    |               ^^^^^^^^^^^^ help: if this is intentional, prefix it with an underscore: `_current_user`

warning: unused variable: `current_session`
   --> src/handlers/admin.rs:345:15
    |
345 |     Extension(current_session): Extension<session::Model>,
    |               ^^^^^^^^^^^^^^^ help: if this is intentional, prefix it with an underscore: `_current_session`

warning: unused variable: `current_user`
   --> src/handlers/admin.rs:370:15
    |
370 |     Extension(current_user): Extension<user::Model>,
    |               ^^^^^^^^^^^^ help: if this is intentional, prefix it with an underscore: `_current_user`

warning: unused variable: `current_session`
   --> src/handlers/admin.rs:371:15
    |
371 |     Extension(current_session): Extension<session::Model>,
    |               ^^^^^^^^^^^^^^^ help: if this is intentional, prefix it with an underscore: `_current_session`

warning: unused variable: `current_user`
   --> src/handlers/admin.rs:385:15
    |
385 |     Extension(current_user): Extension<user::Model>,
    |               ^^^^^^^^^^^^ help: if this is intentional, prefix it with an underscore: `_current_user`

warning: unused variable: `current_session`
   --> src/handlers/admin.rs:386:15
    |
386 |     Extension(current_session): Extension<session::Model>,
    |               ^^^^^^^^^^^^^^^ help: if this is intentional, prefix it with an underscore: `_current_session`

warning: unused variable: `current_user`
   --> src/handlers/admin.rs:492:15
    |
492 |     Extension(current_user): Extension<user::Model>,
    |               ^^^^^^^^^^^^ help: if this is intentional, prefix it with an underscore: `_current_user`

warning: unused variable: `current_session`
   --> src/handlers/admin.rs:493:15
    |
493 |     Extension(current_session): Extension<session::Model>,
    |               ^^^^^^^^^^^^^^^ help: if this is intentional, prefix it with an underscore: `_current_session`

warning: unused variable: `current_user`
   --> src/handlers/admin.rs:507:15
    |
507 |     Extension(current_user): Extension<user::Model>,
    |               ^^^^^^^^^^^^ help: if this is intentional, prefix it with an underscore: `_current_user`

warning: unused variable: `current_session`
   --> src/handlers/admin.rs:508:15
    |
508 |     Extension(current_session): Extension<session::Model>,
    |               ^^^^^^^^^^^^^^^ help: if this is intentional, prefix it with an underscore: `_current_session`

warning: unused variable: `current_user`
   --> src/handlers/admin.rs:528:15
    |
528 |     Extension(current_user): Extension<user::Model>,
    |               ^^^^^^^^^^^^ help: if this is intentional, prefix it with an underscore: `_current_user`

warning: unused variable: `current_session`
   --> src/handlers/admin.rs:529:15
    |
529 |     Extension(current_session): Extension<session::Model>,
    |               ^^^^^^^^^^^^^^^ help: if this is intentional, prefix it with an underscore: `_current_session`

warning: unused variable: `current_user`
   --> src/handlers/admin.rs:548:15
    |
548 |     Extension(current_user): Extension<user::Model>,
    |               ^^^^^^^^^^^^ help: if this is intentional, prefix it with an underscore: `_current_user`

warning: unused variable: `current_session`
   --> src/handlers/admin.rs:549:15
    |
549 |     Extension(current_session): Extension<session::Model>,
    |               ^^^^^^^^^^^^^^^ help: if this is intentional, prefix it with an underscore: `_current_session`

warning: unused variable: `current_user`
   --> src/handlers/admin.rs:579:15
    |
579 |     Extension(current_user): Extension<user::Model>,
    |               ^^^^^^^^^^^^ help: if this is intentional, prefix it with an underscore: `_current_user`

warning: unused variable: `current_session`
   --> src/handlers/admin.rs:580:15
    |
580 |     Extension(current_session): Extension<session::Model>,
    |               ^^^^^^^^^^^^^^^ help: if this is intentional, prefix it with an underscore: `_current_session`

warning: unused variable: `current_user`
   --> src/handlers/admin.rs:594:15
    |
594 |     Extension(current_user): Extension<user::Model>,
    |               ^^^^^^^^^^^^ help: if this is intentional, prefix it with an underscore: `_current_user`

warning: unused variable: `current_session`
   --> src/handlers/admin.rs:595:15
    |
595 |     Extension(current_session): Extension<session::Model>,
    |               ^^^^^^^^^^^^^^^ help: if this is intentional, prefix it with an underscore: `_current_session`

warning: unused variable: `current_session`
   --> src/handlers/admin.rs:611:15
    |
611 |     Extension(current_session): Extension<session::Model>,
    |               ^^^^^^^^^^^^^^^ help: if this is intentional, prefix it with an underscore: `_current_session`

warning: unused variable: `current_user`
   --> src/handlers/admin.rs:628:15
    |
628 |     Extension(current_user): Extension<user::Model>,
    |               ^^^^^^^^^^^^ help: if this is intentional, prefix it with an underscore: `_current_user`

warning: unused variable: `current_session`
   --> src/handlers/admin.rs:629:15
    |
629 |     Extension(current_session): Extension<session::Model>,
    |               ^^^^^^^^^^^^^^^ help: if this is intentional, prefix it with an underscore: `_current_session`

warning: unused variable: `current_user`
   --> src/handlers/admin.rs:649:15
    |
649 |     Extension(current_user): Extension<user::Model>,
    |               ^^^^^^^^^^^^ help: if this is intentional, prefix it with an underscore: `_current_user`

warning: unused variable: `current_session`
   --> src/handlers/admin.rs:650:15
    |
650 |     Extension(current_session): Extension<session::Model>,
    |               ^^^^^^^^^^^^^^^ help: if this is intentional, prefix it with an underscore: `_current_session`

warning: unused variable: `current_user`
   --> src/handlers/admin.rs:677:15
    |
677 |     Extension(current_user): Extension<user::Model>,
    |               ^^^^^^^^^^^^ help: if this is intentional, prefix it with an underscore: `_current_user`

warning: unused variable: `current_session`
   --> src/handlers/admin.rs:678:15
    |
678 |     Extension(current_session): Extension<session::Model>,
    |               ^^^^^^^^^^^^^^^ help: if this is intentional, prefix it with an underscore: `_current_session`

warning: unused variable: `current_user`
   --> src/handlers/admin.rs:698:15
    |
698 |     Extension(current_user): Extension<user::Model>,
    |               ^^^^^^^^^^^^ help: if this is intentional, prefix it with an underscore: `_current_user`

warning: unused variable: `current_session`
   --> src/handlers/admin.rs:699:15
    |
699 |     Extension(current_session): Extension<session::Model>,
    |               ^^^^^^^^^^^^^^^ help: if this is intentional, prefix it with an underscore: `_current_session`

warning: unused variable: `current_user`
   --> src/handlers/admin.rs:719:15
    |
719 |     Extension(current_user): Extension<user::Model>,
    |               ^^^^^^^^^^^^ help: if this is intentional, prefix it with an underscore: `_current_user`

warning: unused variable: `current_session`
   --> src/handlers/admin.rs:720:15
    |
720 |     Extension(current_session): Extension<session::Model>,
    |               ^^^^^^^^^^^^^^^ help: if this is intentional, prefix it with an underscore: `_current_session`

warning: unused variable: `current_user`
   --> src/handlers/admin.rs:749:15
    |
749 |     Extension(current_user): Extension<user::Model>,
    |               ^^^^^^^^^^^^ help: if this is intentional, prefix it with an underscore: `_current_user`

warning: unused variable: `current_session`
   --> src/handlers/admin.rs:750:15
    |
750 |     Extension(current_session): Extension<session::Model>,
    |               ^^^^^^^^^^^^^^^ help: if this is intentional, prefix it with an underscore: `_current_session`

warning: unused variable: `recent_activities`
   --> src/handlers/admin.rs:754:9
    |
754 |     let recent_activities = {
    |         ^^^^^^^^^^^^^^^^^ help: if this is intentional, prefix it with an underscore: `_recent_activities`

warning: unused variable: `current_user`
   --> src/handlers/admin.rs:805:15
    |
805 |     Extension(current_user): Extension<user::Model>,
    |               ^^^^^^^^^^^^ help: if this is intentional, prefix it with an underscore: `_current_user`

warning: unused variable: `current_session`
   --> src/handlers/admin.rs:806:15
    |
806 |     Extension(current_session): Extension<session::Model>,
    |               ^^^^^^^^^^^^^^^ help: if this is intentional, prefix it with an underscore: `_current_session`

warning: unused variable: `ad_purchases`
   --> src/handlers/admin.rs:811:13
    |
811 |         let ad_purchases = ad_purchase::Entity::find()
    |             ^^^^^^^^^^^^ help: if this is intentional, prefix it with an underscore: `_ad_purchases`

warning: unused variable: `db`
  --> src/handlers/auth_frontend.rs:46:11
   |
46 |     State(db): State<DatabaseConnection>,
   |           ^^ help: if this is intentional, prefix it with an underscore: `_db`

warning: unused variable: `query`
  --> src/handlers/auth_frontend.rs:47:11
   |
47 |     Query(query): Query<VerifyEmailQuery>,
   |           ^^^^^ help: if this is intentional, prefix it with an underscore: `_query`

Some errors have detailed explanations: E0038, E0063, E0282, E0308, E0412, E0423, E0425, E0432, E0433...
For more information about an error, try `rustc --explain E0038`.
warning: `atlas_backend` (lib) generated 191 warnings
error: could not compile `atlas_backend` (lib) due to 219 previous errors; 191 warnings emitted
